Archive member included to satisfy reference by file (symbol)

/usr/lib/gcc/arm-none-eabi/9.2.1/../../../arm-none-eabi/lib/thumb/v7e-m+fp/hard/libc_nano.a(lib_a-atexit.o)
                              /usr/lib/gcc/arm-none-eabi/9.2.1/../../../arm-none-eabi/lib/thumb/v7e-m+fp/hard/crt0.o (atexit)
/usr/lib/gcc/arm-none-eabi/9.2.1/../../../arm-none-eabi/lib/thumb/v7e-m+fp/hard/libc_nano.a(lib_a-exit.o)
                              /usr/lib/gcc/arm-none-eabi/9.2.1/../../../arm-none-eabi/lib/thumb/v7e-m+fp/hard/crt0.o (exit)
/usr/lib/gcc/arm-none-eabi/9.2.1/../../../arm-none-eabi/lib/thumb/v7e-m+fp/hard/libc_nano.a(lib_a-fini.o)
                              /usr/lib/gcc/arm-none-eabi/9.2.1/../../../arm-none-eabi/lib/thumb/v7e-m+fp/hard/crt0.o (__libc_fini_array)
/usr/lib/gcc/arm-none-eabi/9.2.1/../../../arm-none-eabi/lib/thumb/v7e-m+fp/hard/libc_nano.a(lib_a-impure.o)
                              /usr/lib/gcc/arm-none-eabi/9.2.1/../../../arm-none-eabi/lib/thumb/v7e-m+fp/hard/libc_nano.a(lib_a-exit.o) (_global_impure_ptr)
/usr/lib/gcc/arm-none-eabi/9.2.1/../../../arm-none-eabi/lib/thumb/v7e-m+fp/hard/libc_nano.a(lib_a-init.o)
                              /usr/lib/gcc/arm-none-eabi/9.2.1/../../../arm-none-eabi/lib/thumb/v7e-m+fp/hard/crt0.o (__libc_init_array)
/usr/lib/gcc/arm-none-eabi/9.2.1/../../../arm-none-eabi/lib/thumb/v7e-m+fp/hard/libc_nano.a(lib_a-memset.o)
                              /usr/lib/gcc/arm-none-eabi/9.2.1/../../../arm-none-eabi/lib/thumb/v7e-m+fp/hard/crt0.o (memset)
/usr/lib/gcc/arm-none-eabi/9.2.1/../../../arm-none-eabi/lib/thumb/v7e-m+fp/hard/libc_nano.a(lib_a-__atexit.o)
                              /usr/lib/gcc/arm-none-eabi/9.2.1/../../../arm-none-eabi/lib/thumb/v7e-m+fp/hard/libc_nano.a(lib_a-atexit.o) (__register_exitproc)
/usr/lib/gcc/arm-none-eabi/9.2.1/../../../arm-none-eabi/lib/thumb/v7e-m+fp/hard/libc_nano.a(lib_a-__call_atexit.o)
                              /usr/lib/gcc/arm-none-eabi/9.2.1/../../../arm-none-eabi/lib/thumb/v7e-m+fp/hard/libc_nano.a(lib_a-__atexit.o) (__call_exitprocs)
/usr/lib/gcc/arm-none-eabi/9.2.1/../../../arm-none-eabi/lib/thumb/v7e-m+fp/hard/libnosys.a(_exit.o)
                              /usr/lib/gcc/arm-none-eabi/9.2.1/../../../arm-none-eabi/lib/thumb/v7e-m+fp/hard/libc_nano.a(lib_a-exit.o) (_exit)
/usr/lib/gcc/arm-none-eabi/9.2.1/thumb/v7e-m+fp/hard/libgcc.a(_aeabi_uldivmod.o)
                              build/stm32f4xx_hal_rcc.o (__aeabi_uldivmod)
/usr/lib/gcc/arm-none-eabi/9.2.1/thumb/v7e-m+fp/hard/libgcc.a(_udivmoddi4.o)
                              /usr/lib/gcc/arm-none-eabi/9.2.1/thumb/v7e-m+fp/hard/libgcc.a(_aeabi_uldivmod.o) (__udivmoddi4)
/usr/lib/gcc/arm-none-eabi/9.2.1/thumb/v7e-m+fp/hard/libgcc.a(_dvmd_tls.o)
                              /usr/lib/gcc/arm-none-eabi/9.2.1/thumb/v7e-m+fp/hard/libgcc.a(_aeabi_uldivmod.o) (__aeabi_ldiv0)

Allocating common symbols
Common symbol       size              file

hspi2               0x58              build/main.o
hcrc                0x8               build/main.o
uwTick              0x4               build/stm32f4xx_hal.o
pFlash              0x20              build/stm32f4xx_hal_flash.o
huart2              0x44              build/main.o
hcan1               0x28              build/main.o
hqspi               0x4c              build/main.o

Discarded input sections

 .text          0x0000000000000000        0x0 /usr/lib/gcc/arm-none-eabi/9.2.1/thumb/v7e-m+fp/hard/crti.o
 .data          0x0000000000000000        0x0 /usr/lib/gcc/arm-none-eabi/9.2.1/thumb/v7e-m+fp/hard/crti.o
 .bss           0x0000000000000000        0x0 /usr/lib/gcc/arm-none-eabi/9.2.1/thumb/v7e-m+fp/hard/crti.o
 .data          0x0000000000000000        0x4 /usr/lib/gcc/arm-none-eabi/9.2.1/thumb/v7e-m+fp/hard/crtbegin.o
 .text          0x0000000000000000       0x70 /usr/lib/gcc/arm-none-eabi/9.2.1/../../../arm-none-eabi/lib/thumb/v7e-m+fp/hard/crt0.o
 .data          0x0000000000000000        0x0 /usr/lib/gcc/arm-none-eabi/9.2.1/../../../arm-none-eabi/lib/thumb/v7e-m+fp/hard/crt0.o
 .bss           0x0000000000000000        0x0 /usr/lib/gcc/arm-none-eabi/9.2.1/../../../arm-none-eabi/lib/thumb/v7e-m+fp/hard/crt0.o
 .ARM.extab     0x0000000000000000        0x0 /usr/lib/gcc/arm-none-eabi/9.2.1/../../../arm-none-eabi/lib/thumb/v7e-m+fp/hard/crt0.o
 .ARM.exidx     0x0000000000000000       0x10 /usr/lib/gcc/arm-none-eabi/9.2.1/../../../arm-none-eabi/lib/thumb/v7e-m+fp/hard/crt0.o
 .debug_line    0x0000000000000000       0x87 /usr/lib/gcc/arm-none-eabi/9.2.1/../../../arm-none-eabi/lib/thumb/v7e-m+fp/hard/crt0.o
 .debug_info    0x0000000000000000       0x26 /usr/lib/gcc/arm-none-eabi/9.2.1/../../../arm-none-eabi/lib/thumb/v7e-m+fp/hard/crt0.o
 .debug_abbrev  0x0000000000000000       0x14 /usr/lib/gcc/arm-none-eabi/9.2.1/../../../arm-none-eabi/lib/thumb/v7e-m+fp/hard/crt0.o
 .debug_aranges
                0x0000000000000000       0x20 /usr/lib/gcc/arm-none-eabi/9.2.1/../../../arm-none-eabi/lib/thumb/v7e-m+fp/hard/crt0.o
[...]
Memory Configuration

Name             Origin             Length             Attributes
RAM              0x0000000020000000 0x0000000000020000 xrw
FLASH            0x0000000008000000 0x0000000000080000 xr
*default*        0x0000000000000000 0xffffffffffffffff

Linker script and memory map

LOAD /usr/lib/gcc/arm-none-eabi/9.2.1/thumb/v7e-m+fp/hard/crti.o
LOAD /usr/lib/gcc/arm-none-eabi/9.2.1/thumb/v7e-m+fp/hard/crtbegin.o
LOAD /usr/lib/gcc/arm-none-eabi/9.2.1/../../../arm-none-eabi/lib/thumb/v7e-m+fp/hard/crt0.o
LOAD build/stm32f4xx_hal.o
LOAD build/stm32f4xx_hal_can.o
LOAD build/stm32f4xx_hal_cortex.o
LOAD build/stm32f4xx_hal_crc.o
LOAD build/stm32f4xx_hal_dma.o
LOAD build/stm32f4xx_hal_dma_ex.o
LOAD build/stm32f4xx_hal_exti.o
LOAD build/stm32f4xx_hal_flash.o
LOAD build/stm32f4xx_hal_flash_ex.o
LOAD build/stm32f4xx_hal_flash_ramfunc.o
LOAD build/stm32f4xx_hal_gpio.o
LOAD build/stm32f4xx_hal_pwr.o
LOAD build/stm32f4xx_hal_pwr_ex.o
LOAD build/stm32f4xx_hal_qspi.o
LOAD build/stm32f4xx_hal_rcc.o
LOAD build/stm32f4xx_hal_rcc_ex.o
LOAD build/stm32f4xx_hal_spi.o
LOAD build/stm32f4xx_hal_tim.o
LOAD build/stm32f4xx_hal_tim_ex.o
LOAD build/stm32f4xx_hal_uart.o
LOAD build/main.o
LOAD build/stm32f4xx_hal_msp.o
LOAD build/stm32f4xx_it.o
LOAD build/system_stm32f4xx.o
LOAD build/startup_stm32f446xx.o
LOAD /usr/lib/gcc/arm-none-eabi/9.2.1/../../../arm-none-eabi/lib/thumb/v7e-m+fp/hard/libc_nano.a
LOAD /usr/lib/gcc/arm-none-eabi/9.2.1/../../../arm-none-eabi/lib/thumb/v7e-m+fp/hard/libm.a
LOAD /usr/lib/gcc/arm-none-eabi/9.2.1/../../../arm-none-eabi/lib/thumb/v7e-m+fp/hard/libnosys.a
START GROUP
LOAD /usr/lib/gcc/arm-none-eabi/9.2.1/thumb/v7e-m+fp/hard/libgcc.a
LOAD /usr/lib/gcc/arm-none-eabi/9.2.1/../../../arm-none-eabi/lib/thumb/v7e-m+fp/hard/libc_nano.a
END GROUP
START GROUP
LOAD /usr/lib/gcc/arm-none-eabi/9.2.1/thumb/v7e-m+fp/hard/libgcc.a
LOAD /usr/lib/gcc/arm-none-eabi/9.2.1/../../../arm-none-eabi/lib/thumb/v7e-m+fp/hard/libc_nano.a
END GROUP
LOAD /usr/lib/gcc/arm-none-eabi/9.2.1/thumb/v7e-m+fp/hard/crtend.o
LOAD /usr/lib/gcc/arm-none-eabi/9.2.1/thumb/v7e-m+fp/hard/crtn.o
                0x0000000020020000                _estack = (ORIGIN (RAM) + LENGTH (RAM))
                0x0000000000000200                _Min_Heap_Size = 0x200
                0x0000000000000400                _Min_Stack_Size = 0x400

.isr_vector     0x0000000008000000      0x1c4
                0x0000000008000000                . = ALIGN (0x4)
 *(.isr_vector)
 .isr_vector    0x0000000008000000      0x1c4 build/startup_stm32f446xx.o
                0x0000000008000000                g_pfnVectors
                0x00000000080001c4                . = ALIGN (0x4)

.text           0x00000000080001c4     0x2d8c
                0x00000000080001c4                . = ALIGN (0x4)
 *(.text)
 .text          0x00000000080001c4       0x88 /usr/lib/gcc/arm-none-eabi/9.2.1/thumb/v7e-m+fp/hard/crtbegin.o
 .text          0x000000000800024c       0x48 /usr/lib/gcc/arm-none-eabi/9.2.1/../../../arm-none-eabi/lib/thumb/v7e-m+fp/hard/libc_nano.a(lib_a-init.o)
                0x000000000800024c                __libc_init_array
 .text          0x0000000008000294       0xa0 /usr/lib/gcc/arm-none-eabi/9.2.1/../../../arm-none-eabi/lib/thumb/v7e-m+fp/hard/libc_nano.a(lib_a-memset.o)
                0x0000000008000294                memset
 .text          0x0000000008000334       0x30 /usr/lib/gcc/arm-none-eabi/9.2.1/thumb/v7e-m+fp/hard/libgcc.a(_aeabi_uldivmod.o)
                0x0000000008000334                __aeabi_uldivmod
 .text          0x0000000008000364      0x2c4 /usr/lib/gcc/arm-none-eabi/9.2.1/thumb/v7e-m+fp/hard/libgcc.a(_udivmoddi4.o)
                0x0000000008000364                __udivmoddi4
 .text          0x0000000008000628        0x4 /usr/lib/gcc/arm-none-eabi/9.2.1/thumb/v7e-m+fp/hard/libgcc.a(_dvmd_tls.o)
                0x0000000008000628                __aeabi_ldiv0
                0x0000000008000628                __aeabi_idiv0
 *(.text*)
 .text.HAL_InitTick
                0x000000000800062c       0x4c build/stm32f4xx_hal.o
                0x000000000800062c                HAL_InitTick
 .text.HAL_Init
                0x0000000008000678       0x34 build/stm32f4xx_hal.o
                0x0000000008000678                HAL_Init
 .text.HAL_IncTick
                0x00000000080006ac       0x18 build/stm32f4xx_hal.o
                0x00000000080006ac                HAL_IncTick
 .text.HAL_GetTick
                0x00000000080006c4        0xc build/stm32f4xx_hal.o
                0x00000000080006c4                HAL_GetTick
 .text.HAL_CAN_Init
                0x00000000080006d0      0x2ec build/stm32f4xx_hal_can.o
                0x00000000080006d0                HAL_CAN_Init
 .text.HAL_CAN_TxMailbox0CompleteCallback
                0x00000000080009bc        0x2 build/stm32f4xx_hal_can.o
                0x00000000080009bc                HAL_CAN_TxMailbox0CompleteCallback
 .text.HAL_CAN_TxMailbox1CompleteCallback
                0x00000000080009be        0x2 build/stm32f4xx_hal_can.o
                0x00000000080009be                HAL_CAN_TxMailbox1CompleteCallback
 .text.HAL_CAN_TxMailbox2CompleteCallback
                0x00000000080009c0        0x2 build/stm32f4xx_hal_can.o
                0x00000000080009c0                HAL_CAN_TxMailbox2CompleteCallback
 .text.HAL_CAN_TxMailbox0AbortCallback
                0x00000000080009c2        0x2 build/stm32f4xx_hal_can.o
                0x00000000080009c2                HAL_CAN_TxMailbox0AbortCallback
 .text.HAL_CAN_TxMailbox1AbortCallback
                0x00000000080009c4        0x2 build/stm32f4xx_hal_can.o
                0x00000000080009c4                HAL_CAN_TxMailbox1AbortCallback
 .text.HAL_CAN_TxMailbox2AbortCallback
                0x00000000080009c6        0x2 build/stm32f4xx_hal_can.o
                0x00000000080009c6                HAL_CAN_TxMailbox2AbortCallback
 .text.HAL_CAN_RxFifo0MsgPendingCallback
                0x00000000080009c8        0x2 build/stm32f4xx_hal_can.o
                0x00000000080009c8                HAL_CAN_RxFifo0MsgPendingCallback
 .text.HAL_CAN_RxFifo0FullCallback
                0x00000000080009ca        0x2 build/stm32f4xx_hal_can.o
                0x00000000080009ca                HAL_CAN_RxFifo0FullCallback
 .text.HAL_CAN_RxFifo1MsgPendingCallback
                0x00000000080009cc        0x2 build/stm32f4xx_hal_can.o
                0x00000000080009cc                HAL_CAN_RxFifo1MsgPendingCallback
 .text.HAL_CAN_RxFifo1FullCallback
                0x00000000080009ce        0x2 build/stm32f4xx_hal_can.o
                0x00000000080009ce                HAL_CAN_RxFifo1FullCallback
 .text.HAL_CAN_SleepCallback
                0x00000000080009d0        0x2 build/stm32f4xx_hal_can.o
                0x00000000080009d0                HAL_CAN_SleepCallback
 .text.HAL_CAN_WakeUpFromRxMsgCallback
                0x00000000080009d2        0x2 build/stm32f4xx_hal_can.o
                0x00000000080009d2                HAL_CAN_WakeUpFromRxMsgCallback
 .text.HAL_CAN_ErrorCallback
                0x00000000080009d4        0x2 build/stm32f4xx_hal_can.o
                0x00000000080009d4                HAL_CAN_ErrorCallback
 .text.HAL_CAN_IRQHandler
                0x00000000080009d6      0x24a build/stm32f4xx_hal_can.o
                0x00000000080009d6                HAL_CAN_IRQHandler
 .text.HAL_NVIC_SetPriorityGrouping
                0x0000000008000c20       0x3c build/stm32f4xx_hal_cortex.o
                0x0000000008000c20                HAL_NVIC_SetPriorityGrouping
 .text.HAL_NVIC_SetPriority
                0x0000000008000c5c       0x8c build/stm32f4xx_hal_cortex.o
                0x0000000008000c5c                HAL_NVIC_SetPriority
 .text.HAL_NVIC_EnableIRQ
                0x0000000008000ce8       0x30 build/stm32f4xx_hal_cortex.o
                0x0000000008000ce8                HAL_NVIC_EnableIRQ
 .text.HAL_SYSTICK_Config
                0x0000000008000d18       0x2c build/stm32f4xx_hal_cortex.o
                0x0000000008000d18                HAL_SYSTICK_Config
 .text.HAL_CRC_Init
                0x0000000008000d44       0x38 build/stm32f4xx_hal_crc.o
                0x0000000008000d44                HAL_CRC_Init
 .text.HAL_DMA_Abort_IT
                0x0000000008000d7c       0x26 build/stm32f4xx_hal_dma.o
                0x0000000008000d7c                HAL_DMA_Abort_IT
 *fill*         0x0000000008000da2        0x2 
 .text.FLASH_SetErrorCode
                0x0000000008000da4       0xa8 build/stm32f4xx_hal_flash.o
 .text.HAL_FLASH_EndOfOperationCallback
                0x0000000008000e4c        0x2 build/stm32f4xx_hal_flash.o
                0x0000000008000e4c                HAL_FLASH_EndOfOperationCallback
 .text.HAL_FLASH_OperationErrorCallback
                0x0000000008000e4e        0x2 build/stm32f4xx_hal_flash.o
                0x0000000008000e4e                HAL_FLASH_OperationErrorCallback
 .text.HAL_FLASH_IRQHandler
                0x0000000008000e50       0xf4 build/stm32f4xx_hal_flash.o
                0x0000000008000e50                HAL_FLASH_IRQHandler
 .text.FLASH_Erase_Sector
                0x0000000008000f44       0x7c build/stm32f4xx_hal_flash_ex.o
                0x0000000008000f44                FLASH_Erase_Sector
 .text.FLASH_FlushCaches
                0x0000000008000fc0       0x60 build/stm32f4xx_hal_flash_ex.o
                0x0000000008000fc0                FLASH_FlushCaches
 .text.HAL_GPIO_Init
                0x0000000008001020      0x2d8 build/stm32f4xx_hal_gpio.o
                0x0000000008001020                HAL_GPIO_Init
 .text.HAL_GPIO_WritePin
                0x00000000080012f8       0x38 build/stm32f4xx_hal_gpio.o
                0x00000000080012f8                HAL_GPIO_WritePin
 .text.QSPI_WaitFlagStateUntilTimeout
                0x0000000008001330       0x50 build/stm32f4xx_hal_qspi.o
 .text.HAL_QSPI_ErrorCallback
                0x0000000008001380        0x2 build/stm32f4xx_hal_qspi.o
                0x0000000008001380                HAL_QSPI_ErrorCallback
 .text.QSPI_DMAAbortCplt
                0x0000000008001382       0x3c build/stm32f4xx_hal_qspi.o
 .text.HAL_QSPI_AbortCpltCallback
                0x00000000080013be        0x2 build/stm32f4xx_hal_qspi.o
                0x00000000080013be                HAL_QSPI_AbortCpltCallback
 .text.HAL_QSPI_CmdCpltCallback
                0x00000000080013c0        0x2 build/stm32f4xx_hal_qspi.o
                0x00000000080013c0                HAL_QSPI_CmdCpltCallback
 .text.HAL_QSPI_RxCpltCallback
                0x00000000080013c2        0x2 build/stm32f4xx_hal_qspi.o
                0x00000000080013c2                HAL_QSPI_RxCpltCallback
 .text.HAL_QSPI_TxCpltCallback
                0x00000000080013c4        0x2 build/stm32f4xx_hal_qspi.o
                0x00000000080013c4                HAL_QSPI_TxCpltCallback
 .text.HAL_QSPI_FifoThresholdCallback
                0x00000000080013c6        0x2 build/stm32f4xx_hal_qspi.o
                0x00000000080013c6                HAL_QSPI_FifoThresholdCallback
 .text.HAL_QSPI_StatusMatchCallback
                0x00000000080013c8        0x2 build/stm32f4xx_hal_qspi.o
                0x00000000080013c8                HAL_QSPI_StatusMatchCallback
 .text.HAL_QSPI_TimeOutCallback
                0x00000000080013ca        0x2 build/stm32f4xx_hal_qspi.o
                0x00000000080013ca                HAL_QSPI_TimeOutCallback
 .text.HAL_QSPI_Abort_IT
                0x00000000080013cc       0x88 build/stm32f4xx_hal_qspi.o
                0x00000000080013cc                HAL_QSPI_Abort_IT
 .text.HAL_QSPI_IRQHandler
                0x0000000008001454      0x24c build/stm32f4xx_hal_qspi.o
                0x0000000008001454                HAL_QSPI_IRQHandler
 .text.HAL_QSPI_SetTimeout
                0x00000000080016a0        0x4 build/stm32f4xx_hal_qspi.o
                0x00000000080016a0                HAL_QSPI_SetTimeout
 .text.HAL_QSPI_Init
                0x00000000080016a4      0x194 build/stm32f4xx_hal_qspi.o
                0x00000000080016a4                HAL_QSPI_Init
 .text.HAL_RCC_ClockConfig
                0x0000000008001838      0x21c build/stm32f4xx_hal_rcc.o
                0x0000000008001838                HAL_RCC_ClockConfig
 .text.HAL_RCC_GetHCLKFreq
                0x0000000008001a54        0xc build/stm32f4xx_hal_rcc.o
                0x0000000008001a54                HAL_RCC_GetHCLKFreq
 .text.HAL_RCC_GetPCLK1Freq
                0x0000000008001a60       0x20 build/stm32f4xx_hal_rcc.o
                0x0000000008001a60                HAL_RCC_GetPCLK1Freq
 .text.HAL_RCC_GetPCLK2Freq
                0x0000000008001a80       0x20 build/stm32f4xx_hal_rcc.o
                0x0000000008001a80                HAL_RCC_GetPCLK2Freq
 .text.HAL_RCC_GetSysClockFreq
                0x0000000008001aa0      0x178 build/stm32f4xx_hal_rcc_ex.o
                0x0000000008001aa0                HAL_RCC_GetSysClockFreq
 .text.HAL_RCC_OscConfig
                0x0000000008001c18      0x560 build/stm32f4xx_hal_rcc_ex.o
                0x0000000008001c18                HAL_RCC_OscConfig
 .text.HAL_SPI_Init
                0x0000000008002178      0x274 build/stm32f4xx_hal_spi.o
                0x0000000008002178                HAL_SPI_Init
 .text.HAL_SPI_ErrorCallback
                0x00000000080023ec        0x2 build/stm32f4xx_hal_spi.o
                0x00000000080023ec                HAL_SPI_ErrorCallback
 *fill*         0x00000000080023ee        0x2 
 .text.HAL_SPI_IRQHandler
                0x00000000080023f0      0x124 build/stm32f4xx_hal_spi.o
                0x00000000080023f0                HAL_SPI_IRQHandler
 .text.SPI_DMAAbortOnError
                0x0000000008002514       0x10 build/stm32f4xx_hal_spi.o
 .text.UART_SetConfig
                0x0000000008002524      0x180 build/stm32f4xx_hal_uart.o
 .text.HAL_UART_Init
                0x00000000080026a4      0x138 build/stm32f4xx_hal_uart.o
                0x00000000080026a4                HAL_UART_Init
 .text.MX_GPIO_Init
                0x00000000080027dc      0x118 build/main.o
 .text.Error_Handler
                0x00000000080028f4        0x4 build/main.o
                0x00000000080028f4                Error_Handler
 .text.MX_CAN1_Init
                0x00000000080028f8       0x38 build/main.o
 .text.MX_CRC_Init
                0x0000000008002930       0x1c build/main.o
 .text.MX_QUADSPI_Init
                0x000000000800294c       0x34 build/main.o
 .text.MX_SPI2_Init
                0x0000000008002980       0x3c build/main.o
 .text.MX_USART2_UART_Init
                0x00000000080029bc       0x34 build/main.o
 .text.SystemClock_Config
                0x00000000080029f0       0xac build/main.o
                0x00000000080029f0                SystemClock_Config
 .text.main     0x0000000008002a9c       0x24 build/main.o
                0x0000000008002a9c                main
 .text.assert_failed
                0x0000000008002ac0        0x2 build/main.o
                0x0000000008002ac0                assert_failed
 *fill*         0x0000000008002ac2        0x2 
 .text.HAL_MspInit
                0x0000000008002ac4       0x80 build/stm32f4xx_hal_msp.o
                0x0000000008002ac4                HAL_MspInit
 .text.HAL_CAN_MspInit
                0x0000000008002b44       0xb0 build/stm32f4xx_hal_msp.o
                0x0000000008002b44                HAL_CAN_MspInit
 .text.HAL_CRC_MspInit
                0x0000000008002bf4       0x30 build/stm32f4xx_hal_msp.o
                0x0000000008002bf4                HAL_CRC_MspInit
 .text.HAL_QSPI_MspInit
                0x0000000008002c24       0xd0 build/stm32f4xx_hal_msp.o
                0x0000000008002c24                HAL_QSPI_MspInit
 .text.HAL_SPI_MspInit
                0x0000000008002cf4       0xe4 build/stm32f4xx_hal_msp.o
                0x0000000008002cf4                HAL_SPI_MspInit
 .text.HAL_UART_MspInit
                0x0000000008002dd8       0x70 build/stm32f4xx_hal_msp.o
                0x0000000008002dd8                HAL_UART_MspInit
 .text.NMI_Handler
                0x0000000008002e48        0x2 build/stm32f4xx_it.o
                0x0000000008002e48                NMI_Handler
 .text.HardFault_Handler
                0x0000000008002e4a        0x2 build/stm32f4xx_it.o
                0x0000000008002e4a                HardFault_Handler
 .text.MemManage_Handler
                0x0000000008002e4c        0x2 build/stm32f4xx_it.o
                0x0000000008002e4c                MemManage_Handler
 .text.BusFault_Handler
                0x0000000008002e4e        0x2 build/stm32f4xx_it.o
                0x0000000008002e4e                BusFault_Handler
 .text.UsageFault_Handler
                0x0000000008002e50        0x2 build/stm32f4xx_it.o
                0x0000000008002e50                UsageFault_Handler
 .text.SVC_Handler
                0x0000000008002e52        0x2 build/stm32f4xx_it.o
                0x0000000008002e52                SVC_Handler
 .text.DebugMon_Handler
                0x0000000008002e54        0x2 build/stm32f4xx_it.o
                0x0000000008002e54                DebugMon_Handler
 .text.PendSV_Handler
                0x0000000008002e56        0x2 build/stm32f4xx_it.o
                0x0000000008002e56                PendSV_Handler
 .text.SysTick_Handler
                0x0000000008002e58        0x8 build/stm32f4xx_it.o
                0x0000000008002e58                SysTick_Handler
 .text.FLASH_IRQHandler
                0x0000000008002e60        0x8 build/stm32f4xx_it.o
                0x0000000008002e60                FLASH_IRQHandler
 .text.RCC_IRQHandler
                0x0000000008002e68        0x2 build/stm32f4xx_it.o
                0x0000000008002e68                RCC_IRQHandler
 *fill*         0x0000000008002e6a        0x2 
 .text.CAN1_TX_IRQHandler
                0x0000000008002e6c       0x10 build/stm32f4xx_it.o
                0x0000000008002e6c                CAN1_TX_IRQHandler
 .text.CAN1_RX0_IRQHandler
                0x0000000008002e7c       0x10 build/stm32f4xx_it.o
                0x0000000008002e7c                CAN1_RX0_IRQHandler
 .text.CAN1_RX1_IRQHandler
                0x0000000008002e8c       0x10 build/stm32f4xx_it.o
                0x0000000008002e8c                CAN1_RX1_IRQHandler
 .text.CAN1_SCE_IRQHandler
                0x0000000008002e9c       0x10 build/stm32f4xx_it.o
                0x0000000008002e9c                CAN1_SCE_IRQHandler
 .text.SPI2_IRQHandler
                0x0000000008002eac       0x10 build/stm32f4xx_it.o
                0x0000000008002eac                SPI2_IRQHandler
 .text.FPU_IRQHandler
                0x0000000008002ebc        0x2 build/stm32f4xx_it.o
                0x0000000008002ebc                FPU_IRQHandler
 *fill*         0x0000000008002ebe        0x2 
 .text.QUADSPI_IRQHandler
                0x0000000008002ec0       0x10 build/stm32f4xx_it.o
                0x0000000008002ec0                QUADSPI_IRQHandler
 .text.SystemInit
                0x0000000008002ed0       0x14 build/system_stm32f4xx.o
                0x0000000008002ed0                SystemInit
 .text.Reset_Handler
                0x0000000008002ee4       0x50 build/startup_stm32f446xx.o
                0x0000000008002ee4                Reset_Handler
 .text.Default_Handler
                0x0000000008002f34        0x2 build/startup_stm32f446xx.o
                0x0000000008002f34                RTC_Alarm_IRQHandler
                0x0000000008002f34                EXTI2_IRQHandler
                0x0000000008002f34                TIM8_CC_IRQHandler
                0x0000000008002f34                FMPI2C1_EV_IRQHandler
                0x0000000008002f34                SPI4_IRQHandler
                0x0000000008002f34                TIM1_CC_IRQHandler
                0x0000000008002f34                DMA2_Stream5_IRQHandler
                0x0000000008002f34                DMA1_Stream5_IRQHandler
                0x0000000008002f34                PVD_IRQHandler
                0x0000000008002f34                SDIO_IRQHandler
                0x0000000008002f34                TAMP_STAMP_IRQHandler
                0x0000000008002f34                CAN2_RX1_IRQHandler
                0x0000000008002f34                EXTI3_IRQHandler
                0x0000000008002f34                TIM8_TRG_COM_TIM14_IRQHandler
                0x0000000008002f34                TIM1_UP_TIM10_IRQHandler
                0x0000000008002f34                TIM8_UP_TIM13_IRQHandler
                0x0000000008002f34                I2C3_ER_IRQHandler
                0x0000000008002f34                EXTI0_IRQHandler
                0x0000000008002f34                I2C2_EV_IRQHandler
                0x0000000008002f34                DMA1_Stream2_IRQHandler
                0x0000000008002f34                OTG_HS_WKUP_IRQHandler
                0x0000000008002f34                CAN2_SCE_IRQHandler
                0x0000000008002f34                DMA2_Stream2_IRQHandler
                0x0000000008002f34                SPI1_IRQHandler
                0x0000000008002f34                TIM6_DAC_IRQHandler
                0x0000000008002f34                TIM1_BRK_TIM9_IRQHandler
                0x0000000008002f34                DCMI_IRQHandler
                0x0000000008002f34                CAN2_RX0_IRQHandler
                0x0000000008002f34                DMA2_Stream3_IRQHandler
                0x0000000008002f34                SAI2_IRQHandler
                0x0000000008002f34                USART6_IRQHandler
                0x0000000008002f34                USART3_IRQHandler
                0x0000000008002f34                UART5_IRQHandler
                0x0000000008002f34                DMA2_Stream0_IRQHandler
                0x0000000008002f34                TIM4_IRQHandler
                0x0000000008002f34                I2C1_EV_IRQHandler
                0x0000000008002f34                DMA1_Stream6_IRQHandler
                0x0000000008002f34                DMA1_Stream1_IRQHandler
                0x0000000008002f34                UART4_IRQHandler
                0x0000000008002f34                TIM3_IRQHandler
                0x0000000008002f34                TIM8_BRK_TIM12_IRQHandler
                0x0000000008002f34                Default_Handler
                0x0000000008002f34                CEC_IRQHandler
                0x0000000008002f34                EXTI15_10_IRQHandler
                0x0000000008002f34                ADC_IRQHandler
                0x0000000008002f34                DMA1_Stream7_IRQHandler
                0x0000000008002f34                TIM7_IRQHandler
                0x0000000008002f34                CAN2_TX_IRQHandler
                0x0000000008002f34                TIM5_IRQHandler
                0x0000000008002f34                DMA2_Stream7_IRQHandler
                0x0000000008002f34                I2C3_EV_IRQHandler
                0x0000000008002f34                EXTI9_5_IRQHandler
                0x0000000008002f34                RTC_WKUP_IRQHandler
                0x0000000008002f34                SPDIF_RX_IRQHandler
                0x0000000008002f34                OTG_HS_EP1_IN_IRQHandler
                0x0000000008002f34                DMA1_Stream0_IRQHandler
                0x0000000008002f34                FMPI2C1_ER_IRQHandler
                0x0000000008002f34                EXTI4_IRQHandler
                0x0000000008002f34                OTG_HS_EP1_OUT_IRQHandler
                0x0000000008002f34                WWDG_IRQHandler
                0x0000000008002f34                TIM2_IRQHandler
                0x0000000008002f34                OTG_FS_WKUP_IRQHandler
                0x0000000008002f34                TIM1_TRG_COM_TIM11_IRQHandler
                0x0000000008002f34                OTG_HS_IRQHandler
                0x0000000008002f34                EXTI1_IRQHandler
                0x0000000008002f34                USART2_IRQHandler
                0x0000000008002f34                I2C2_ER_IRQHandler
                0x0000000008002f34                DMA2_Stream1_IRQHandler
                0x0000000008002f34                DMA2_Stream4_IRQHandler
                0x0000000008002f34                USART1_IRQHandler
                0x0000000008002f34                OTG_FS_IRQHandler
                0x0000000008002f34                SPI3_IRQHandler
                0x0000000008002f34                DMA1_Stream4_IRQHandler
                0x0000000008002f34                I2C1_ER_IRQHandler
                0x0000000008002f34                FMC_IRQHandler
                0x0000000008002f34                DMA2_Stream6_IRQHandler
                0x0000000008002f34                SAI1_IRQHandler
                0x0000000008002f34                DMA1_Stream3_IRQHandler
 *(.glue_7)
 .glue_7        0x0000000008002f36        0x0 linker stubs
 *(.glue_7t)
 .glue_7t       0x0000000008002f36        0x0 linker stubs
 *(.eh_frame)
 *fill*         0x0000000008002f36        0x2 
 .eh_frame      0x0000000008002f38        0x0 /usr/lib/gcc/arm-none-eabi/9.2.1/thumb/v7e-m+fp/hard/crtbegin.o
 *(.init)
 .init          0x0000000008002f38        0x4 /usr/lib/gcc/arm-none-eabi/9.2.1/thumb/v7e-m+fp/hard/crti.o
                0x0000000008002f38                _init
 .init          0x0000000008002f3c        0x8 /usr/lib/gcc/arm-none-eabi/9.2.1/thumb/v7e-m+fp/hard/crtn.o
 *(.fini)
 .fini          0x0000000008002f44        0x4 /usr/lib/gcc/arm-none-eabi/9.2.1/thumb/v7e-m+fp/hard/crti.o
                0x0000000008002f44                _fini
 .fini          0x0000000008002f48        0x8 /usr/lib/gcc/arm-none-eabi/9.2.1/thumb/v7e-m+fp/hard/crtn.o
                0x0000000008002f50                . = ALIGN (0x4)
                0x0000000008002f50                _etext = .

.vfp11_veneer   0x0000000008002f50        0x0
 .vfp11_veneer  0x0000000008002f50        0x0 linker stubs

.v4_bx          0x0000000008002f50        0x0
 .v4_bx         0x0000000008002f50        0x0 linker stubs

.iplt           0x0000000008002f50        0x0
 .iplt          0x0000000008002f50        0x0 /usr/lib/gcc/arm-none-eabi/9.2.1/thumb/v7e-m+fp/hard/crtbegin.o

.rodata         0x0000000008002f50      0x51c
                0x0000000008002f50                . = ALIGN (0x4)
 *(.rodata)
 *(.rodata*)
 .rodata.HAL_CAN_Init.str1.4
                0x0000000008002f50       0x7d build/stm32f4xx_hal_can.o
 *fill*         0x0000000008002fcd        0x3 
 .rodata.HAL_NVIC_SetPriorityGrouping.str1.4
                0x0000000008002fd0       0x80 build/stm32f4xx_hal_cortex.o
 .rodata.HAL_CRC_Init.str1.4
                0x0000000008003050       0x7d build/stm32f4xx_hal_crc.o
 *fill*         0x00000000080030cd        0x3 
 .rodata.FLASH_MassErase.str1.4
                0x00000000080030d0       0x82 build/stm32f4xx_hal_flash_ex.o
 *fill*         0x0000000008003152        0x2 
 .rodata.HAL_GPIO_Init.str1.4
                0x0000000008003154       0x7e build/stm32f4xx_hal_gpio.o
 *fill*         0x00000000080031d2        0x2 
 .rodata.QSPI_Config.str1.4
                0x00000000080031d4       0x7e build/stm32f4xx_hal_qspi.o
 *fill*         0x0000000008003252        0x2 
 .rodata.HAL_RCC_OscConfig.str1.4
                0x0000000008003254       0x7d build/stm32f4xx_hal_rcc.o
 *fill*         0x00000000080032d1        0x3 
 .rodata.HAL_RCCEx_PeriphCLKConfig.str1.4
                0x00000000080032d4       0x80 build/stm32f4xx_hal_rcc_ex.o
 .rodata.HAL_SPI_Init.str1.4
                0x0000000008003354       0x7d build/stm32f4xx_hal_spi.o
 *fill*         0x00000000080033d1        0x3 
 .rodata.UART_SetConfig.str1.4
                0x00000000080033d4       0x7e build/stm32f4xx_hal_uart.o
 *fill*         0x0000000008003452        0x2 
 .rodata.AHBPrescTable
                0x0000000008003454       0x10 build/system_stm32f4xx.o
                0x0000000008003454                AHBPrescTable
 .rodata.APBPrescTable
                0x0000000008003464        0x8 build/system_stm32f4xx.o
                0x0000000008003464                APBPrescTable
                0x000000000800346c                . = ALIGN (0x4)

.ARM.extab
 *(.ARM.extab* .gnu.linkonce.armextab.*)

.ARM            0x000000000800346c        0x8
                0x000000000800346c                __exidx_start = .
 *(.ARM.exidx*)
 .ARM.exidx     0x000000000800346c        0x8 /usr/lib/gcc/arm-none-eabi/9.2.1/thumb/v7e-m+fp/hard/libgcc.a(_udivmoddi4.o)
                0x0000000008003474                __exidx_end = .

.rel.dyn        0x0000000008003474        0x0
 .rel.iplt      0x0000000008003474        0x0 /usr/lib/gcc/arm-none-eabi/9.2.1/thumb/v7e-m+fp/hard/crtbegin.o

.preinit_array  0x0000000008003474        0x0
                0x0000000008003474                PROVIDE (__preinit_array_start = .)
 *(.preinit_array*)
                0x0000000008003474                PROVIDE (__preinit_array_end = .)

.init_array     0x0000000008003474        0x4
                0x0000000008003474                PROVIDE (__init_array_start = .)
 *(SORT_BY_NAME(.init_array.*))
 *(.init_array*)
 .init_array    0x0000000008003474        0x4 /usr/lib/gcc/arm-none-eabi/9.2.1/thumb/v7e-m+fp/hard/crtbegin.o
                0x0000000008003478                PROVIDE (__init_array_end = .)

.fini_array     0x0000000008003478        0x4
                0x0000000008003478                PROVIDE (__fini_array_start = .)
 *(SORT_BY_NAME(.fini_array.*))
 *(.fini_array*)
 .fini_array    0x0000000008003478        0x4 /usr/lib/gcc/arm-none-eabi/9.2.1/thumb/v7e-m+fp/hard/crtbegin.o
                0x000000000800347c                PROVIDE (__fini_array_end = .)
                0x000000000800347c                _sidata = LOADADDR (.data)

.data           0x0000000020000000        0xc load address 0x000000000800347c
                0x0000000020000000                . = ALIGN (0x4)
                0x0000000020000000                _sdata = .
 *(.data)
 *(.data*)
 .data.uwTickFreq
                0x0000000020000000        0x1 build/stm32f4xx_hal.o
                0x0000000020000000                uwTickFreq
 *fill*         0x0000000020000001        0x3 
 .data.uwTickPrio
                0x0000000020000004        0x4 build/stm32f4xx_hal.o
                0x0000000020000004                uwTickPrio
 .data.SystemCoreClock
                0x0000000020000008        0x4 build/system_stm32f4xx.o
                0x0000000020000008                SystemCoreClock
                0x000000002000000c                . = ALIGN (0x4)
                0x000000002000000c                _edata = .

.tm_clone_table
                0x000000002000000c        0x0 load address 0x0000000008003488
 .tm_clone_table
                0x000000002000000c        0x0 /usr/lib/gcc/arm-none-eabi/9.2.1/thumb/v7e-m+fp/hard/crtbegin.o
 .tm_clone_table
                0x000000002000000c        0x0 /usr/lib/gcc/arm-none-eabi/9.2.1/thumb/v7e-m+fp/hard/crtend.o

.igot.plt       0x000000002000000c        0x0 load address 0x0000000008003488
 .igot.plt      0x000000002000000c        0x0 /usr/lib/gcc/arm-none-eabi/9.2.1/thumb/v7e-m+fp/hard/crtbegin.o
                0x000000002000000c                . = ALIGN (0x4)

.bss            0x000000002000000c      0x158 load address 0x0000000008003488
                0x000000002000000c                _sbss = .
                0x000000002000000c                __bss_start__ = _sbss
 *(.bss)
 .bss           0x000000002000000c       0x1c /usr/lib/gcc/arm-none-eabi/9.2.1/thumb/v7e-m+fp/hard/crtbegin.o
 *(.bss*)
 *(COMMON)
 COMMON         0x0000000020000028        0x4 build/stm32f4xx_hal.o
                0x0000000020000028                uwTick
 COMMON         0x000000002000002c       0x20 build/stm32f4xx_hal_flash.o
                0x000000002000002c                pFlash
 COMMON         0x000000002000004c      0x118 build/main.o
                0x000000002000004c                hspi2
                0x00000000200000a4                hcrc
                0x00000000200000ac                huart2
                0x00000000200000f0                hcan1
                0x0000000020000118                hqspi
                0x0000000020000164                . = ALIGN (0x4)
                0x0000000020000164                _ebss = .
                0x0000000020000164                __bss_end__ = _ebss

._user_heap_stack
                0x0000000020000164      0x604 load address 0x0000000008003488
                0x0000000020000168                . = ALIGN (0x8)
 *fill*         0x0000000020000164        0x4 
                [!provide]                        PROVIDE (end = .)
                [!provide]                        PROVIDE (_end = .)
                0x0000000020000368                . = (. + _Min_Heap_Size)
 *fill*         0x0000000020000168      0x200 
                0x0000000020000768                . = (. + _Min_Stack_Size)
 *fill*         0x0000000020000368      0x400 
                0x0000000020000768                . = ALIGN (0x8)

/DISCARD/
 libc.a(*)
 libm.a(*)
 libgcc.a(*)

.ARM.attributes
                0x0000000000000000       0x30
 *(.ARM.attributes)
 .ARM.attributes
                0x0000000000000000       0x1e /usr/lib/gcc/arm-none-eabi/9.2.1/thumb/v7e-m+fp/hard/crti.o
 .ARM.attributes
                0x000000000000001e       0x34 /usr/lib/gcc/arm-none-eabi/9.2.1/thumb/v7e-m+fp/hard/crtbegin.o
 .ARM.attributes
                0x0000000000000052       0x34 build/stm32f4xx_hal.o
 .ARM.attributes
                0x0000000000000086       0x34 build/stm32f4xx_hal_can.o
 .ARM.attributes
                0x00000000000000ba       0x34 build/stm32f4xx_hal_cortex.o
 .ARM.attributes
                0x00000000000000ee       0x34 build/stm32f4xx_hal_crc.o
 .ARM.attributes
                0x0000000000000122       0x34 build/stm32f4xx_hal_dma.o
 .ARM.attributes
                0x0000000000000156       0x34 build/stm32f4xx_hal_flash.o
 .ARM.attributes
                0x000000000000018a       0x34 build/stm32f4xx_hal_flash_ex.o
 .ARM.attributes
                0x00000000000001be       0x34 build/stm32f4xx_hal_gpio.o
 .ARM.attributes
                0x00000000000001f2       0x34 build/stm32f4xx_hal_qspi.o
 .ARM.attributes
                0x0000000000000226       0x34 build/stm32f4xx_hal_rcc.o
 .ARM.attributes
                0x000000000000025a       0x34 build/stm32f4xx_hal_rcc_ex.o
 .ARM.attributes
                0x000000000000028e       0x34 build/stm32f4xx_hal_spi.o
 .ARM.attributes
                0x00000000000002c2       0x34 build/stm32f4xx_hal_uart.o
 .ARM.attributes
                0x00000000000002f6       0x34 build/main.o
 .ARM.attributes
                0x000000000000032a       0x34 build/stm32f4xx_hal_msp.o
 .ARM.attributes
                0x000000000000035e       0x34 build/stm32f4xx_it.o
 .ARM.attributes
                0x0000000000000392       0x34 build/system_stm32f4xx.o
 .ARM.attributes
                0x00000000000003c6       0x21 build/startup_stm32f446xx.o
 .ARM.attributes
                0x00000000000003e7       0x34 /usr/lib/gcc/arm-none-eabi/9.2.1/../../../arm-none-eabi/lib/thumb/v7e-m+fp/hard/libc_nano.a(lib_a-init.o)
 .ARM.attributes
                0x000000000000041b       0x34 /usr/lib/gcc/arm-none-eabi/9.2.1/../../../arm-none-eabi/lib/thumb/v7e-m+fp/hard/libc_nano.a(lib_a-memset.o)
 .ARM.attributes
                0x000000000000044f       0x1e /usr/lib/gcc/arm-none-eabi/9.2.1/thumb/v7e-m+fp/hard/libgcc.a(_aeabi_uldivmod.o)
 .ARM.attributes
                0x000000000000046d       0x34 /usr/lib/gcc/arm-none-eabi/9.2.1/thumb/v7e-m+fp/hard/libgcc.a(_udivmoddi4.o)
 .ARM.attributes
                0x00000000000004a1       0x1e /usr/lib/gcc/arm-none-eabi/9.2.1/thumb/v7e-m+fp/hard/libgcc.a(_dvmd_tls.o)
 .ARM.attributes
                0x00000000000004bf       0x32 /usr/lib/gcc/arm-none-eabi/9.2.1/thumb/v7e-m+fp/hard/crtend.o
 .ARM.attributes
                0x00000000000004f1       0x1e /usr/lib/gcc/arm-none-eabi/9.2.1/thumb/v7e-m+fp/hard/crtn.o
OUTPUT(build/Nucleo-F446RE_Analog_GPIO.elf elf32-littlearm)
LOAD linker stubs
LOAD /usr/lib/gcc/arm-none-eabi/9.2.1/../../../arm-none-eabi/lib/thumb/v7e-m+fp/hard/libc.a
LOAD /usr/lib/gcc/arm-none-eabi/9.2.1/../../../arm-none-eabi/lib/thumb/v7e-m+fp/hard/libm.a
LOAD /usr/lib/gcc/arm-none-eabi/9.2.1/thumb/v7e-m+fp/hard/libgcc.a

.comment        0x0000000000000000       0x59
 .comment       0x0000000000000000       0x59 /usr/lib/gcc/arm-none-eabi/9.2.1/thumb/v7e-m+fp/hard/crtbegin.o
                                         0x5a (size before relaxing)
 .comment       0x0000000000000059       0x5a build/stm32f4xx_hal.o
 .comment       0x0000000000000059       0x5a build/stm32f4xx_hal_can.o
 .comment       0x0000000000000059       0x5a build/stm32f4xx_hal_cortex.o
 .comment       0x0000000000000059       0x5a build/stm32f4xx_hal_crc.o
 .comment       0x0000000000000059       0x5a build/stm32f4xx_hal_dma.o
 .comment       0x0000000000000059       0x5a build/stm32f4xx_hal_flash.o
 .comment       0x0000000000000059       0x5a build/stm32f4xx_hal_flash_ex.o
 .comment       0x0000000000000059       0x5a build/stm32f4xx_hal_gpio.o
 .comment       0x0000000000000059       0x5a build/stm32f4xx_hal_qspi.o
 .comment       0x0000000000000059       0x5a build/stm32f4xx_hal_rcc.o
 .comment       0x0000000000000059       0x5a build/stm32f4xx_hal_rcc_ex.o
 .comment       0x0000000000000059       0x5a build/stm32f4xx_hal_spi.o
 .comment       0x0000000000000059       0x5a build/stm32f4xx_hal_uart.o
 .comment       0x0000000000000059       0x5a build/main.o
 .comment       0x0000000000000059       0x5a build/stm32f4xx_hal_msp.o
 .comment       0x0000000000000059       0x5a build/stm32f4xx_it.o
 .comment       0x0000000000000059       0x5a build/system_stm32f4xx.o
 .comment       0x0000000000000059       0x5a /usr/lib/gcc/arm-none-eabi/9.2.1/../../../arm-none-eabi/lib/thumb/v7e-m+fp/hard/libc_nano.a(lib_a-init.o)
 .comment       0x0000000000000059       0x5a /usr/lib/gcc/arm-none-eabi/9.2.1/../../../arm-none-eabi/lib/thumb/v7e-m+fp/hard/libc_nano.a(lib_a-memset.o)
 .comment       0x0000000000000059       0x5a /usr/lib/gcc/arm-none-eabi/9.2.1/thumb/v7e-m+fp/hard/libgcc.a(_udivmoddi4.o)
 .comment       0x0000000000000059       0x5a /usr/lib/gcc/arm-none-eabi/9.2.1/thumb/v7e-m+fp/hard/crtend.o

.debug_info     0x0000000000000000    0x194d9
 .debug_info    0x0000000000000000      0xbc9 build/stm32f4xx_hal.o
 .debug_info    0x0000000000000bc9     0x18a6 build/stm32f4xx_hal_can.o
 .debug_info    0x000000000000246f     0x14db build/stm32f4xx_hal_cortex.o
 .debug_info    0x000000000000394a      0x51c build/stm32f4xx_hal_crc.o
 .debug_info    0x0000000000003e66      0xe6d build/stm32f4xx_hal_dma.o
 .debug_info    0x0000000000004cd3      0x96e build/stm32f4xx_hal_flash.o
 .debug_info    0x0000000000005641      0xe24 build/stm32f4xx_hal_flash_ex.o
 .debug_info    0x0000000000006465      0xaf4 build/stm32f4xx_hal_gpio.o
 .debug_info    0x0000000000006f59     0x24ab build/stm32f4xx_hal_qspi.o
 .debug_info    0x0000000000009404      0xef8 build/stm32f4xx_hal_rcc.o
 .debug_info    0x000000000000a2fc     0x13d2 build/stm32f4xx_hal_rcc_ex.o
 .debug_info    0x000000000000b6ce     0x26a2 build/stm32f4xx_hal_spi.o
 .debug_info    0x000000000000dd70     0x476b build/stm32f4xx_hal_uart.o
 .debug_info    0x00000000000124db     0x1bef build/main.o
 .debug_info    0x00000000000140ca     0x1f25 build/stm32f4xx_hal_msp.o
 .debug_info    0x0000000000015fef     0x106f build/stm32f4xx_it.o
 .debug_info    0x000000000001705e      0x65c build/system_stm32f4xx.o
 .debug_info    0x00000000000176ba       0x22 build/startup_stm32f446xx.o
 .debug_info    0x00000000000176dc      0x11a /usr/lib/gcc/arm-none-eabi/9.2.1/../../../arm-none-eabi/lib/thumb/v7e-m+fp/hard/libc_nano.a(lib_a-init.o)
 .debug_info    0x00000000000177f6      0xf1b /usr/lib/gcc/arm-none-eabi/9.2.1/../../../arm-none-eabi/lib/thumb/v7e-m+fp/hard/libc_nano.a(lib_a-memset.o)
 .debug_info    0x0000000000018711       0x26 /usr/lib/gcc/arm-none-eabi/9.2.1/thumb/v7e-m+fp/hard/libgcc.a(_aeabi_uldivmod.o)
 .debug_info    0x0000000000018737      0xd7c /usr/lib/gcc/arm-none-eabi/9.2.1/thumb/v7e-m+fp/hard/libgcc.a(_udivmoddi4.o)
 .debug_info    0x00000000000194b3       0x26 /usr/lib/gcc/arm-none-eabi/9.2.1/thumb/v7e-m+fp/hard/libgcc.a(_dvmd_tls.o)

.debug_abbrev   0x0000000000000000     0x3233
 .debug_abbrev  0x0000000000000000      0x21c build/stm32f4xx_hal.o
 .debug_abbrev  0x000000000000021c      0x2c5 build/stm32f4xx_hal_can.o
 .debug_abbrev  0x00000000000004e1      0x3e4 build/stm32f4xx_hal_cortex.o
 .debug_abbrev  0x00000000000008c5      0x226 build/stm32f4xx_hal_crc.o
 .debug_abbrev  0x0000000000000aeb      0x326 build/stm32f4xx_hal_dma.o
 .debug_abbrev  0x0000000000000e11      0x2e9 build/stm32f4xx_hal_flash.o
 .debug_abbrev  0x00000000000010fa      0x2f0 build/stm32f4xx_hal_flash_ex.o
 .debug_abbrev  0x00000000000013ea      0x277 build/stm32f4xx_hal_gpio.o
 .debug_abbrev  0x0000000000001661      0x2c1 build/stm32f4xx_hal_qspi.o
 .debug_abbrev  0x0000000000001922      0x2e1 build/stm32f4xx_hal_rcc.o
 .debug_abbrev  0x0000000000001c03      0x2be build/stm32f4xx_hal_rcc_ex.o
 .debug_abbrev  0x0000000000001ec1      0x2d2 build/stm32f4xx_hal_spi.o
 .debug_abbrev  0x0000000000002193      0x39a build/stm32f4xx_hal_uart.o
 .debug_abbrev  0x000000000000252d      0x2c8 build/main.o
 .debug_abbrev  0x00000000000027f5      0x266 build/stm32f4xx_hal_msp.o
 .debug_abbrev  0x0000000000002a5b      0x1ed build/stm32f4xx_it.o
 .debug_abbrev  0x0000000000002c48      0x14a build/system_stm32f4xx.o
 .debug_abbrev  0x0000000000002d92       0x12 build/startup_stm32f446xx.o
 .debug_abbrev  0x0000000000002da4       0xcc /usr/lib/gcc/arm-none-eabi/9.2.1/../../../arm-none-eabi/lib/thumb/v7e-m+fp/hard/libc_nano.a(lib_a-init.o)
 .debug_abbrev  0x0000000000002e70      0x1d9 /usr/lib/gcc/arm-none-eabi/9.2.1/../../../arm-none-eabi/lib/thumb/v7e-m+fp/hard/libc_nano.a(lib_a-memset.o)
 .debug_abbrev  0x0000000000003049       0x14 /usr/lib/gcc/arm-none-eabi/9.2.1/thumb/v7e-m+fp/hard/libgcc.a(_aeabi_uldivmod.o)
 .debug_abbrev  0x000000000000305d      0x1c2 /usr/lib/gcc/arm-none-eabi/9.2.1/thumb/v7e-m+fp/hard/libgcc.a(_udivmoddi4.o)
 .debug_abbrev  0x000000000000321f       0x14 /usr/lib/gcc/arm-none-eabi/9.2.1/thumb/v7e-m+fp/hard/libgcc.a(_dvmd_tls.o)

.debug_loc      0x0000000000000000    0x105a6
 .debug_loc     0x0000000000000000      0x1d0 build/stm32f4xx_hal.o
 .debug_loc     0x00000000000001d0     0x1158 build/stm32f4xx_hal_can.o
 .debug_loc     0x0000000000001328      0xaae build/stm32f4xx_hal_cortex.o
 .debug_loc     0x0000000000001dd6      0x243 build/stm32f4xx_hal_crc.o
 .debug_loc     0x0000000000002019      0xcc7 build/stm32f4xx_hal_dma.o
 .debug_loc     0x0000000000002ce0      0x678 build/stm32f4xx_hal_flash.o
 .debug_loc     0x0000000000003358      0xac2 build/stm32f4xx_hal_flash_ex.o
 .debug_loc     0x0000000000003e1a      0x7a5 build/stm32f4xx_hal_gpio.o
 .debug_loc     0x00000000000045bf     0x1a32 build/stm32f4xx_hal_qspi.o
 .debug_loc     0x0000000000005ff1      0x6ba build/stm32f4xx_hal_rcc.o
 .debug_loc     0x00000000000066ab     0x111a build/stm32f4xx_hal_rcc_ex.o
 .debug_loc     0x00000000000077c5     0x243e build/stm32f4xx_hal_spi.o
 .debug_loc     0x0000000000009c03     0x4f6a build/stm32f4xx_hal_uart.o
 .debug_loc     0x000000000000eb6d      0x13f build/main.o
 .debug_loc     0x000000000000ecac      0x406 build/stm32f4xx_hal_msp.o
 .debug_loc     0x000000000000f0b2      0x100 build/stm32f4xx_it.o
 .debug_loc     0x000000000000f1b2      0x16c build/system_stm32f4xx.o
 .debug_loc     0x000000000000f31e       0xba /usr/lib/gcc/arm-none-eabi/9.2.1/../../../arm-none-eabi/lib/thumb/v7e-m+fp/hard/libc_nano.a(lib_a-init.o)
 .debug_loc     0x000000000000f3d8      0x22c /usr/lib/gcc/arm-none-eabi/9.2.1/../../../arm-none-eabi/lib/thumb/v7e-m+fp/hard/libc_nano.a(lib_a-memset.o)
 .debug_loc     0x000000000000f604      0xfa2 /usr/lib/gcc/arm-none-eabi/9.2.1/thumb/v7e-m+fp/hard/libgcc.a(_udivmoddi4.o)

.debug_aranges  0x0000000000000000      0xe40
 .debug_aranges
                0x0000000000000000       0xf0 build/stm32f4xx_hal.o
 .debug_aranges
                0x00000000000000f0      0x138 build/stm32f4xx_hal_can.o
 .debug_aranges
                0x0000000000000228       0xa8 build/stm32f4xx_hal_cortex.o
 .debug_aranges
                0x00000000000002d0       0x50 build/stm32f4xx_hal_crc.o
 .debug_aranges
                0x0000000000000320       0x90 build/stm32f4xx_hal_dma.o
 .debug_aranges
                0x00000000000003b0       0xa0 build/stm32f4xx_hal_flash.o
 .debug_aranges
                0x0000000000000450       0xc8 build/stm32f4xx_hal_flash_ex.o
 .debug_aranges
                0x0000000000000518       0x58 build/stm32f4xx_hal_gpio.o
 .debug_aranges
                0x0000000000000570      0x170 build/stm32f4xx_hal_qspi.o
 .debug_aranges
                0x00000000000006e0       0x88 build/stm32f4xx_hal_rcc.o
 .debug_aranges
                0x0000000000000768       0x78 build/stm32f4xx_hal_rcc_ex.o
 .debug_aranges
                0x00000000000007e0      0x1f0 build/stm32f4xx_hal_spi.o
 .debug_aranges
                0x00000000000009d0      0x200 build/stm32f4xx_hal_uart.o
 .debug_aranges
                0x0000000000000bd0       0x68 build/main.o
 .debug_aranges
                0x0000000000000c38       0x70 build/stm32f4xx_hal_msp.o
 .debug_aranges
                0x0000000000000ca8       0xa8 build/stm32f4xx_it.o
 .debug_aranges
                0x0000000000000d50       0x28 build/system_stm32f4xx.o
 .debug_aranges
                0x0000000000000d78       0x28 build/startup_stm32f446xx.o
 .debug_aranges
                0x0000000000000da0       0x20 /usr/lib/gcc/arm-none-eabi/9.2.1/../../../arm-none-eabi/lib/thumb/v7e-m+fp/hard/libc_nano.a(lib_a-init.o)
 .debug_aranges
                0x0000000000000dc0       0x20 /usr/lib/gcc/arm-none-eabi/9.2.1/../../../arm-none-eabi/lib/thumb/v7e-m+fp/hard/libc_nano.a(lib_a-memset.o)
 .debug_aranges
                0x0000000000000de0       0x20 /usr/lib/gcc/arm-none-eabi/9.2.1/thumb/v7e-m+fp/hard/libgcc.a(_aeabi_uldivmod.o)
 .debug_aranges
                0x0000000000000e00       0x20 /usr/lib/gcc/arm-none-eabi/9.2.1/thumb/v7e-m+fp/hard/libgcc.a(_udivmoddi4.o)
 .debug_aranges
                0x0000000000000e20       0x20 /usr/lib/gcc/arm-none-eabi/9.2.1/thumb/v7e-m+fp/hard/libgcc.a(_dvmd_tls.o)

.debug_ranges   0x0000000000000000      0xe28
 .debug_ranges  0x0000000000000000       0xe0 build/stm32f4xx_hal.o
 .debug_ranges  0x00000000000000e0      0x128 build/stm32f4xx_hal_can.o
 .debug_ranges  0x0000000000000208      0x128 build/stm32f4xx_hal_cortex.o
 .debug_ranges  0x0000000000000330       0x40 build/stm32f4xx_hal_crc.o
 .debug_ranges  0x0000000000000370       0x80 build/stm32f4xx_hal_dma.o
 .debug_ranges  0x00000000000003f0       0x90 build/stm32f4xx_hal_flash.o
 .debug_ranges  0x0000000000000480       0xb8 build/stm32f4xx_hal_flash_ex.o
 .debug_ranges  0x0000000000000538       0x48 build/stm32f4xx_hal_gpio.o
 .debug_ranges  0x0000000000000580      0x160 build/stm32f4xx_hal_qspi.o
 .debug_ranges  0x00000000000006e0       0x90 build/stm32f4xx_hal_rcc.o
 .debug_ranges  0x0000000000000770       0x80 build/stm32f4xx_hal_rcc_ex.o
 .debug_ranges  0x00000000000007f0      0x1e0 build/stm32f4xx_hal_spi.o
 .debug_ranges  0x00000000000009d0      0x208 build/stm32f4xx_hal_uart.o
 .debug_ranges  0x0000000000000bd8       0x58 build/main.o
 .debug_ranges  0x0000000000000c30       0x60 build/stm32f4xx_hal_msp.o
 .debug_ranges  0x0000000000000c90       0x98 build/stm32f4xx_it.o
 .debug_ranges  0x0000000000000d28       0x18 build/system_stm32f4xx.o
 .debug_ranges  0x0000000000000d40       0x20 build/startup_stm32f446xx.o
 .debug_ranges  0x0000000000000d60       0xc8 /usr/lib/gcc/arm-none-eabi/9.2.1/thumb/v7e-m+fp/hard/libgcc.a(_udivmoddi4.o)

.debug_line     0x0000000000000000    0x12c5b
 .debug_line    0x0000000000000000      0x633 build/stm32f4xx_hal.o
 .debug_line    0x0000000000000633     0x13d2 build/stm32f4xx_hal_can.o
 .debug_line    0x0000000000001a05      0x973 build/stm32f4xx_hal_cortex.o
 .debug_line    0x0000000000002378      0x4bf build/stm32f4xx_hal_crc.o
 .debug_line    0x0000000000002837     0x10b1 build/stm32f4xx_hal_dma.o
 .debug_line    0x00000000000038e8      0x892 build/stm32f4xx_hal_flash.o
 .debug_line    0x000000000000417a      0xa56 build/stm32f4xx_hal_flash_ex.o
 .debug_line    0x0000000000004bd0      0x93d build/stm32f4xx_hal_gpio.o
 .debug_line    0x000000000000550d     0x1cd5 build/stm32f4xx_hal_qspi.o
 .debug_line    0x00000000000071e2      0xd4c build/stm32f4xx_hal_rcc.o
 .debug_line    0x0000000000007f2e     0x173a build/stm32f4xx_hal_rcc_ex.o
 .debug_line    0x0000000000009668     0x2cda build/stm32f4xx_hal_spi.o
 .debug_line    0x000000000000c342     0x48cc build/stm32f4xx_hal_uart.o
 .debug_line    0x0000000000010c0e      0x74f build/main.o
 .debug_line    0x000000000001135d      0x6bf build/stm32f4xx_hal_msp.o
 .debug_line    0x0000000000011a1c      0x46a build/stm32f4xx_it.o
 .debug_line    0x0000000000011e86      0x2d4 build/system_stm32f4xx.o
 .debug_line    0x000000000001215a       0x76 build/startup_stm32f446xx.o
 .debug_line    0x00000000000121d0      0x137 /usr/lib/gcc/arm-none-eabi/9.2.1/../../../arm-none-eabi/lib/thumb/v7e-m+fp/hard/libc_nano.a(lib_a-init.o)
 .debug_line    0x0000000000012307      0x27a /usr/lib/gcc/arm-none-eabi/9.2.1/../../../arm-none-eabi/lib/thumb/v7e-m+fp/hard/libc_nano.a(lib_a-memset.o)
 .debug_line    0x0000000000012581       0x60 /usr/lib/gcc/arm-none-eabi/9.2.1/thumb/v7e-m+fp/hard/libgcc.a(_aeabi_uldivmod.o)
 .debug_line    0x00000000000125e1      0x61a /usr/lib/gcc/arm-none-eabi/9.2.1/thumb/v7e-m+fp/hard/libgcc.a(_udivmoddi4.o)
 .debug_line    0x0000000000012bfb       0x60 /usr/lib/gcc/arm-none-eabi/9.2.1/thumb/v7e-m+fp/hard/libgcc.a(_dvmd_tls.o)

.debug_str      0x0000000000000000     0x61e5
 .debug_str     0x0000000000000000      0xbfe build/stm32f4xx_hal.o
                                        0xc7a (size before relaxing)
 .debug_str     0x0000000000000bfe      0x7d7 build/stm32f4xx_hal_can.o
                                        0xb84 (size before relaxing)
 .debug_str     0x00000000000013d5      0x4f6 build/stm32f4xx_hal_cortex.o
                                        0xd9d (size before relaxing)
 .debug_str     0x00000000000018cb      0x1d6 build/stm32f4xx_hal_crc.o
                                        0x4d1 (size before relaxing)
 .debug_str     0x0000000000001aa1      0x527 build/stm32f4xx_hal_dma.o
                                        0x89f (size before relaxing)
 .debug_str     0x0000000000001fc8      0x2f1 build/stm32f4xx_hal_flash.o
                                        0x66d (size before relaxing)
 .debug_str     0x00000000000022b9      0x33d build/stm32f4xx_hal_flash_ex.o
                                        0x79b (size before relaxing)
 .debug_str     0x00000000000025f6      0x213 build/stm32f4xx_hal_gpio.o
                                        0x633 (size before relaxing)
 .debug_str     0x0000000000002809      0x77e build/stm32f4xx_hal_qspi.o
                                        0xd44 (size before relaxing)
 .debug_str     0x0000000000002f87      0x328 build/stm32f4xx_hal_rcc.o
                                        0x80b (size before relaxing)
 .debug_str     0x00000000000032af      0x38c build/stm32f4xx_hal_rcc_ex.o
                                        0x919 (size before relaxing)
 .debug_str     0x000000000000363b      0x715 build/stm32f4xx_hal_spi.o
                                        0xd7f (size before relaxing)
 .debug_str     0x0000000000003d50      0x7cb build/stm32f4xx_hal_uart.o
                                        0xe6b (size before relaxing)
 .debug_str     0x000000000000451b       0xdb build/main.o
                                       0x1143 (size before relaxing)
 .debug_str     0x00000000000045f6       0x1d build/stm32f4xx_hal_msp.o
                                       0x14e8 (size before relaxing)
 .debug_str     0x0000000000004613      0x138 build/stm32f4xx_it.o
                                        0xc97 (size before relaxing)
 .debug_str     0x000000000000474b       0x47 build/system_stm32f4xx.o
                                        0x451 (size before relaxing)
 .debug_str     0x0000000000004792       0x24 build/startup_stm32f446xx.o
                                         0x7e (size before relaxing)
 .debug_str     0x00000000000047b6      0x192 /usr/lib/gcc/arm-none-eabi/9.2.1/../../../arm-none-eabi/lib/thumb/v7e-m+fp/hard/libc_nano.a(lib_a-init.o)
                                        0x22d (size before relaxing)
 .debug_str     0x0000000000004948      0x6e9 /usr/lib/gcc/arm-none-eabi/9.2.1/../../../arm-none-eabi/lib/thumb/v7e-m+fp/hard/libc_nano.a(lib_a-memset.o)
                                        0x913 (size before relaxing)
 .debug_str     0x0000000000005031       0xa3 /usr/lib/gcc/arm-none-eabi/9.2.1/thumb/v7e-m+fp/hard/libgcc.a(_aeabi_uldivmod.o)
 .debug_str     0x00000000000050d4     0x10e1 /usr/lib/gcc/arm-none-eabi/9.2.1/thumb/v7e-m+fp/hard/libgcc.a(_udivmoddi4.o)
                                       0x11e6 (size before relaxing)
 .debug_str     0x00000000000061b5       0x30 /usr/lib/gcc/arm-none-eabi/9.2.1/thumb/v7e-m+fp/hard/libgcc.a(_dvmd_tls.o)
                                         0xa7 (size before relaxing)

.debug_frame    0x0000000000000000     0x256c
 .debug_frame   0x0000000000000000      0x1f0 build/stm32f4xx_hal.o
 .debug_frame   0x00000000000001f0      0x320 build/stm32f4xx_hal_can.o
 .debug_frame   0x0000000000000510      0x19c build/stm32f4xx_hal_cortex.o
 .debug_frame   0x00000000000006ac       0xc0 build/stm32f4xx_hal_crc.o
 .debug_frame   0x000000000000076c      0x190 build/stm32f4xx_hal_dma.o
 .debug_frame   0x00000000000008fc      0x18c build/stm32f4xx_hal_flash.o
 .debug_frame   0x0000000000000a88      0x208 build/stm32f4xx_hal_flash_ex.o
 .debug_frame   0x0000000000000c90       0xf8 build/stm32f4xx_hal_gpio.o
 .debug_frame   0x0000000000000d88      0x430 build/stm32f4xx_hal_qspi.o
 .debug_frame   0x00000000000011b8      0x174 build/stm32f4xx_hal_rcc.o
 .debug_frame   0x000000000000132c      0x160 build/stm32f4xx_hal_rcc_ex.o
 .debug_frame   0x000000000000148c      0x63c build/stm32f4xx_hal_spi.o
 .debug_frame   0x0000000000001ac8      0x5ec build/stm32f4xx_hal_uart.o
 .debug_frame   0x00000000000020b4      0x108 build/main.o
 .debug_frame   0x00000000000021bc      0x14c build/stm32f4xx_hal_msp.o
 .debug_frame   0x0000000000002308      0x170 build/stm32f4xx_it.o
 .debug_frame   0x0000000000002478       0x30 build/system_stm32f4xx.o
 .debug_frame   0x00000000000024a8       0x2c /usr/lib/gcc/arm-none-eabi/9.2.1/../../../arm-none-eabi/lib/thumb/v7e-m+fp/hard/libc_nano.a(lib_a-init.o)
 .debug_frame   0x00000000000024d4       0x38 /usr/lib/gcc/arm-none-eabi/9.2.1/../../../arm-none-eabi/lib/thumb/v7e-m+fp/hard/libc_nano.a(lib_a-memset.o)
 .debug_frame   0x000000000000250c       0x2c /usr/lib/gcc/arm-none-eabi/9.2.1/thumb/v7e-m+fp/hard/libgcc.a(_aeabi_uldivmod.o)
 .debug_frame   0x0000000000002538       0x34 /usr/lib/gcc/arm-none-eabi/9.2.1/thumb/v7e-m+fp/hard/libgcc.a(_udivmoddi4.o)

Cross Reference Table

Symbol                                            File
ADC_IRQHandler                                    build/startup_stm32f446xx.o
AHBPrescTable                                     build/system_stm32f4xx.o
                                                  build/stm32f4xx_hal_rcc.o
APBPrescTable                                     build/system_stm32f4xx.o
                                                  build/stm32f4xx_hal_rcc.o
BusFault_Handler                                  build/stm32f4xx_it.o
CAN1_RX0_IRQHandler                               build/stm32f4xx_it.o
CAN1_RX1_IRQHandler                               build/stm32f4xx_it.o
CAN1_SCE_IRQHandler                               build/stm32f4xx_it.o
CAN1_TX_IRQHandler                                build/stm32f4xx_it.o
CAN2_RX0_IRQHandler                               build/startup_stm32f446xx.o
CAN2_RX1_IRQHandler                               build/startup_stm32f446xx.o
CAN2_SCE_IRQHandler                               build/startup_stm32f446xx.o
CAN2_TX_IRQHandler                                build/startup_stm32f446xx.o
CEC_IRQHandler                                    build/startup_stm32f446xx.o
DCMI_IRQHandler                                   build/startup_stm32f446xx.o
DMA1_Stream0_IRQHandler                           build/startup_stm32f446xx.o
DMA1_Stream1_IRQHandler                           build/startup_stm32f446xx.o
DMA1_Stream2_IRQHandler                           build/startup_stm32f446xx.o
DMA1_Stream3_IRQHandler                           build/startup_stm32f446xx.o
DMA1_Stream4_IRQHandler                           build/startup_stm32f446xx.o
DMA1_Stream5_IRQHandler                           build/startup_stm32f446xx.o
DMA1_Stream6_IRQHandler                           build/startup_stm32f446xx.o
DMA1_Stream7_IRQHandler                           build/startup_stm32f446xx.o
DMA2_Stream0_IRQHandler                           build/startup_stm32f446xx.o
DMA2_Stream1_IRQHandler                           build/startup_stm32f446xx.o
DMA2_Stream2_IRQHandler                           build/startup_stm32f446xx.o
DMA2_Stream3_IRQHandler                           build/startup_stm32f446xx.o
DMA2_Stream4_IRQHandler                           build/startup_stm32f446xx.o
DMA2_Stream5_IRQHandler                           build/startup_stm32f446xx.o
DMA2_Stream6_IRQHandler                           build/startup_stm32f446xx.o
DMA2_Stream7_IRQHandler                           build/startup_stm32f446xx.o
DebugMon_Handler                                  build/stm32f4xx_it.o
Default_Handler                                   build/startup_stm32f446xx.o
EXTI0_IRQHandler                                  build/startup_stm32f446xx.o
EXTI15_10_IRQHandler                              build/startup_stm32f446xx.o
EXTI1_IRQHandler                                  build/startup_stm32f446xx.o
EXTI2_IRQHandler                                  build/startup_stm32f446xx.o
EXTI3_IRQHandler                                  build/startup_stm32f446xx.o
EXTI4_IRQHandler                                  build/startup_stm32f446xx.o
EXTI9_5_IRQHandler                                build/startup_stm32f446xx.o
Error_Handler                                     build/main.o
FLASH_Erase_Sector                                build/stm32f4xx_hal_flash_ex.o
                                                  build/stm32f4xx_hal_flash.o
FLASH_FlushCaches                                 build/stm32f4xx_hal_flash_ex.o
                                                  build/stm32f4xx_hal_flash.o
FLASH_IRQHandler                                  build/stm32f4xx_it.o
FLASH_WaitForLastOperation                        build/stm32f4xx_hal_flash.o
                                                  build/stm32f4xx_hal_flash_ex.o
FMC_IRQHandler                                    build/startup_stm32f446xx.o
FMPI2C1_ER_IRQHandler                             build/startup_stm32f446xx.o
FMPI2C1_EV_IRQHandler                             build/startup_stm32f446xx.o
FPU_IRQHandler                                    build/stm32f4xx_it.o
HAL_CAN_AbortTxRequest                            build/stm32f4xx_hal_can.o
HAL_CAN_ActivateNotification                      build/stm32f4xx_hal_can.o
HAL_CAN_AddTxMessage                              build/stm32f4xx_hal_can.o
HAL_CAN_ConfigFilter                              build/stm32f4xx_hal_can.o
HAL_CAN_DeInit                                    build/stm32f4xx_hal_can.o
HAL_CAN_DeactivateNotification                    build/stm32f4xx_hal_can.o
HAL_CAN_ErrorCallback                             build/stm32f4xx_hal_can.o
HAL_CAN_GetError                                  build/stm32f4xx_hal_can.o
HAL_CAN_GetRxFifoFillLevel                        build/stm32f4xx_hal_can.o
HAL_CAN_GetRxMessage                              build/stm32f4xx_hal_can.o
HAL_CAN_GetState                                  build/stm32f4xx_hal_can.o
HAL_CAN_GetTxMailboxesFreeLevel                   build/stm32f4xx_hal_can.o
HAL_CAN_GetTxTimestamp                            build/stm32f4xx_hal_can.o
HAL_CAN_IRQHandler                                build/stm32f4xx_hal_can.o
                                                  build/stm32f4xx_it.o
HAL_CAN_Init                                      build/stm32f4xx_hal_can.o
                                                  build/main.o
HAL_CAN_IsSleepActive                             build/stm32f4xx_hal_can.o
HAL_CAN_IsTxMessagePending                        build/stm32f4xx_hal_can.o
HAL_CAN_MspDeInit                                 build/stm32f4xx_hal_msp.o
                                                  build/stm32f4xx_hal_can.o
HAL_CAN_MspInit                                   build/stm32f4xx_hal_msp.o
                                                  build/stm32f4xx_hal_can.o
HAL_CAN_RequestSleep                              build/stm32f4xx_hal_can.o
HAL_CAN_ResetError                                build/stm32f4xx_hal_can.o
HAL_CAN_RxFifo0FullCallback                       build/stm32f4xx_hal_can.o
HAL_CAN_RxFifo0MsgPendingCallback                 build/stm32f4xx_hal_can.o
HAL_CAN_RxFifo1FullCallback                       build/stm32f4xx_hal_can.o
HAL_CAN_RxFifo1MsgPendingCallback                 build/stm32f4xx_hal_can.o
HAL_CAN_SleepCallback                             build/stm32f4xx_hal_can.o
HAL_CAN_Start                                     build/stm32f4xx_hal_can.o
HAL_CAN_Stop                                      build/stm32f4xx_hal_can.o
HAL_CAN_TxMailbox0AbortCallback                   build/stm32f4xx_hal_can.o
HAL_CAN_TxMailbox0CompleteCallback                build/stm32f4xx_hal_can.o
HAL_CAN_TxMailbox1AbortCallback                   build/stm32f4xx_hal_can.o
HAL_CAN_TxMailbox1CompleteCallback                build/stm32f4xx_hal_can.o
HAL_CAN_TxMailbox2AbortCallback                   build/stm32f4xx_hal_can.o
HAL_CAN_TxMailbox2CompleteCallback                build/stm32f4xx_hal_can.o
HAL_CAN_WakeUp                                    build/stm32f4xx_hal_can.o
HAL_CAN_WakeUpFromRxMsgCallback                   build/stm32f4xx_hal_can.o
HAL_CRC_Accumulate                                build/stm32f4xx_hal_crc.o
HAL_CRC_Calculate                                 build/stm32f4xx_hal_crc.o
HAL_CRC_DeInit                                    build/stm32f4xx_hal_crc.o
HAL_CRC_GetState                                  build/stm32f4xx_hal_crc.o
HAL_CRC_Init                                      build/stm32f4xx_hal_crc.o
                                                  build/main.o
HAL_CRC_MspDeInit                                 build/stm32f4xx_hal_msp.o
                                                  build/stm32f4xx_hal_crc.o
HAL_CRC_MspInit                                   build/stm32f4xx_hal_msp.o
                                                  build/stm32f4xx_hal_crc.o
HAL_DBGMCU_DisableDBGSleepMode                    build/stm32f4xx_hal.o
HAL_DBGMCU_DisableDBGStandbyMode                  build/stm32f4xx_hal.o
HAL_DBGMCU_DisableDBGStopMode                     build/stm32f4xx_hal.o
HAL_DBGMCU_EnableDBGSleepMode                     build/stm32f4xx_hal.o
HAL_DBGMCU_EnableDBGStandbyMode                   build/stm32f4xx_hal.o
HAL_DBGMCU_EnableDBGStopMode                      build/stm32f4xx_hal.o
HAL_DMAEx_ChangeMemory                            build/stm32f4xx_hal_dma_ex.o
HAL_DMAEx_MultiBufferStart                        build/stm32f4xx_hal_dma_ex.o
HAL_DMAEx_MultiBufferStart_IT                     build/stm32f4xx_hal_dma_ex.o
HAL_DMA_Abort                                     build/stm32f4xx_hal_dma.o
                                                  build/stm32f4xx_hal_uart.o
                                                  build/stm32f4xx_hal_spi.o
                                                  build/stm32f4xx_hal_qspi.o
HAL_DMA_Abort_IT                                  build/stm32f4xx_hal_dma.o
                                                  build/stm32f4xx_hal_uart.o
                                                  build/stm32f4xx_hal_spi.o
                                                  build/stm32f4xx_hal_qspi.o
HAL_DMA_DeInit                                    build/stm32f4xx_hal_dma.o
HAL_DMA_GetError                                  build/stm32f4xx_hal_dma.o
                                                  build/stm32f4xx_hal_uart.o
                                                  build/stm32f4xx_hal_qspi.o
HAL_DMA_GetState                                  build/stm32f4xx_hal_dma.o
HAL_DMA_IRQHandler                                build/stm32f4xx_hal_dma.o
HAL_DMA_Init                                      build/stm32f4xx_hal_dma.o
HAL_DMA_PollForTransfer                           build/stm32f4xx_hal_dma.o
HAL_DMA_RegisterCallback                          build/stm32f4xx_hal_dma.o
HAL_DMA_Start                                     build/stm32f4xx_hal_dma.o
HAL_DMA_Start_IT                                  build/stm32f4xx_hal_dma.o
                                                  build/stm32f4xx_hal_uart.o
                                                  build/stm32f4xx_hal_spi.o
                                                  build/stm32f4xx_hal_qspi.o
HAL_DMA_UnRegisterCallback                        build/stm32f4xx_hal_dma.o
HAL_DeInit                                        build/stm32f4xx_hal.o
HAL_Delay                                         build/stm32f4xx_hal.o
HAL_DisableCompensationCell                       build/stm32f4xx_hal.o
HAL_EXTI_ClearConfigLine                          build/stm32f4xx_hal_exti.o
HAL_EXTI_ClearPending                             build/stm32f4xx_hal_exti.o
HAL_EXTI_GenerateSWI                              build/stm32f4xx_hal_exti.o
HAL_EXTI_GetConfigLine                            build/stm32f4xx_hal_exti.o
HAL_EXTI_GetHandle                                build/stm32f4xx_hal_exti.o
HAL_EXTI_GetPending                               build/stm32f4xx_hal_exti.o
HAL_EXTI_IRQHandler                               build/stm32f4xx_hal_exti.o
HAL_EXTI_RegisterCallback                         build/stm32f4xx_hal_exti.o
HAL_EXTI_SetConfigLine                            build/stm32f4xx_hal_exti.o
HAL_EnableCompensationCell                        build/stm32f4xx_hal.o
HAL_FLASHEx_AdvOBGetConfig                        build/stm32f4xx_hal_flash_ex.o
HAL_FLASHEx_AdvOBProgram                          build/stm32f4xx_hal_flash_ex.o
HAL_FLASHEx_DisableFlashSleepMode                 build/stm32f4xx_hal_flash_ramfunc.o
HAL_FLASHEx_EnableFlashSleepMode                  build/stm32f4xx_hal_flash_ramfunc.o
HAL_FLASHEx_Erase                                 build/stm32f4xx_hal_flash_ex.o
HAL_FLASHEx_Erase_IT                              build/stm32f4xx_hal_flash_ex.o
HAL_FLASHEx_OBGetConfig                           build/stm32f4xx_hal_flash_ex.o
HAL_FLASHEx_OBProgram                             build/stm32f4xx_hal_flash_ex.o
HAL_FLASHEx_OB_DeSelectPCROP                      build/stm32f4xx_hal_flash_ex.o
HAL_FLASHEx_OB_SelectPCROP                        build/stm32f4xx_hal_flash_ex.o
HAL_FLASHEx_StartFlashInterfaceClk                build/stm32f4xx_hal_flash_ramfunc.o
HAL_FLASHEx_StopFlashInterfaceClk                 build/stm32f4xx_hal_flash_ramfunc.o
HAL_FLASH_EndOfOperationCallback                  build/stm32f4xx_hal_flash.o
HAL_FLASH_GetError                                build/stm32f4xx_hal_flash.o
HAL_FLASH_IRQHandler                              build/stm32f4xx_hal_flash.o
                                                  build/stm32f4xx_it.o
HAL_FLASH_Lock                                    build/stm32f4xx_hal_flash.o
HAL_FLASH_OB_Launch                               build/stm32f4xx_hal_flash.o
HAL_FLASH_OB_Lock                                 build/stm32f4xx_hal_flash.o
HAL_FLASH_OB_Unlock                               build/stm32f4xx_hal_flash.o
HAL_FLASH_OperationErrorCallback                  build/stm32f4xx_hal_flash.o
HAL_FLASH_Program                                 build/stm32f4xx_hal_flash.o
HAL_FLASH_Program_IT                              build/stm32f4xx_hal_flash.o
HAL_FLASH_Unlock                                  build/stm32f4xx_hal_flash.o
HAL_GPIO_DeInit                                   build/stm32f4xx_hal_gpio.o
                                                  build/stm32f4xx_hal_msp.o
HAL_GPIO_EXTI_Callback                            build/stm32f4xx_hal_gpio.o
HAL_GPIO_EXTI_IRQHandler                          build/stm32f4xx_hal_gpio.o
HAL_GPIO_Init                                     build/stm32f4xx_hal_gpio.o
                                                  build/stm32f4xx_hal_msp.o
                                                  build/main.o
                                                  build/stm32f4xx_hal_rcc.o
HAL_GPIO_LockPin                                  build/stm32f4xx_hal_gpio.o
HAL_GPIO_ReadPin                                  build/stm32f4xx_hal_gpio.o
HAL_GPIO_TogglePin                                build/stm32f4xx_hal_gpio.o
HAL_GPIO_WritePin                                 build/stm32f4xx_hal_gpio.o
                                                  build/main.o
HAL_GetDEVID                                      build/stm32f4xx_hal.o
HAL_GetHalVersion                                 build/stm32f4xx_hal.o
HAL_GetREVID                                      build/stm32f4xx_hal.o
HAL_GetTick                                       build/stm32f4xx_hal.o
                                                  build/stm32f4xx_hal_uart.o
                                                  build/stm32f4xx_hal_spi.o
                                                  build/stm32f4xx_hal_rcc_ex.o
                                                  build/stm32f4xx_hal_rcc.o
                                                  build/stm32f4xx_hal_qspi.o
                                                  build/stm32f4xx_hal_pwr_ex.o
                                                  build/stm32f4xx_hal_flash.o
                                                  build/stm32f4xx_hal_dma.o
                                                  build/stm32f4xx_hal_can.o
HAL_GetTickFreq                                   build/stm32f4xx_hal.o
HAL_GetTickPrio                                   build/stm32f4xx_hal.o
HAL_GetUIDw0                                      build/stm32f4xx_hal.o
HAL_GetUIDw1                                      build/stm32f4xx_hal.o
HAL_GetUIDw2                                      build/stm32f4xx_hal.o
HAL_HalfDuplex_EnableReceiver                     build/stm32f4xx_hal_uart.o
HAL_HalfDuplex_EnableTransmitter                  build/stm32f4xx_hal_uart.o
HAL_HalfDuplex_Init                               build/stm32f4xx_hal_uart.o
HAL_IncTick                                       build/stm32f4xx_hal.o
                                                  build/stm32f4xx_it.o
HAL_Init                                          build/stm32f4xx_hal.o
                                                  build/main.o
HAL_InitTick                                      build/stm32f4xx_hal.o
                                                  build/stm32f4xx_hal_rcc_ex.o
                                                  build/stm32f4xx_hal_rcc.o
HAL_LIN_Init                                      build/stm32f4xx_hal_uart.o
HAL_LIN_SendBreak                                 build/stm32f4xx_hal_uart.o
HAL_MPU_ConfigRegion                              build/stm32f4xx_hal_cortex.o
HAL_MPU_Disable                                   build/stm32f4xx_hal_cortex.o
HAL_MPU_Enable                                    build/stm32f4xx_hal_cortex.o
HAL_MspDeInit                                     build/stm32f4xx_hal.o
HAL_MspInit                                       build/stm32f4xx_hal_msp.o
                                                  build/stm32f4xx_hal.o
HAL_MultiProcessor_EnterMuteMode                  build/stm32f4xx_hal_uart.o
HAL_MultiProcessor_ExitMuteMode                   build/stm32f4xx_hal_uart.o
HAL_MultiProcessor_Init                           build/stm32f4xx_hal_uart.o
HAL_NVIC_ClearPendingIRQ                          build/stm32f4xx_hal_cortex.o
HAL_NVIC_DisableIRQ                               build/stm32f4xx_hal_cortex.o
                                                  build/stm32f4xx_hal_msp.o
HAL_NVIC_EnableIRQ                                build/stm32f4xx_hal_cortex.o
                                                  build/stm32f4xx_hal_msp.o
HAL_NVIC_GetActive                                build/stm32f4xx_hal_cortex.o
HAL_NVIC_GetPendingIRQ                            build/stm32f4xx_hal_cortex.o
HAL_NVIC_GetPriority                              build/stm32f4xx_hal_cortex.o
HAL_NVIC_GetPriorityGrouping                      build/stm32f4xx_hal_cortex.o
HAL_NVIC_SetPendingIRQ                            build/stm32f4xx_hal_cortex.o
HAL_NVIC_SetPriority                              build/stm32f4xx_hal_cortex.o
                                                  build/stm32f4xx_hal_msp.o
                                                  build/stm32f4xx_hal.o
HAL_NVIC_SetPriorityGrouping                      build/stm32f4xx_hal_cortex.o
                                                  build/stm32f4xx_hal_msp.o
                                                  build/stm32f4xx_hal.o
HAL_NVIC_SystemReset                              build/stm32f4xx_hal_cortex.o
HAL_PWREx_ControlVoltageScaling                   build/stm32f4xx_hal_pwr_ex.o
HAL_PWREx_DisableBkUpReg                          build/stm32f4xx_hal_pwr_ex.o
HAL_PWREx_DisableFlashPowerDown                   build/stm32f4xx_hal_pwr_ex.o
HAL_PWREx_DisableOverDrive                        build/stm32f4xx_hal_pwr_ex.o
HAL_PWREx_EnableBkUpReg                           build/stm32f4xx_hal_pwr_ex.o
HAL_PWREx_EnableFlashPowerDown                    build/stm32f4xx_hal_pwr_ex.o
HAL_PWREx_EnableOverDrive                         build/stm32f4xx_hal_pwr_ex.o
HAL_PWREx_EnterUnderDriveSTOPMode                 build/stm32f4xx_hal_pwr_ex.o
HAL_PWREx_GetVoltageRange                         build/stm32f4xx_hal_pwr_ex.o
HAL_PWR_ConfigPVD                                 build/stm32f4xx_hal_pwr.o
HAL_PWR_DeInit                                    build/stm32f4xx_hal_pwr.o
HAL_PWR_DisableBkUpAccess                         build/stm32f4xx_hal_pwr.o
HAL_PWR_DisablePVD                                build/stm32f4xx_hal_pwr.o
HAL_PWR_DisableSEVOnPend                          build/stm32f4xx_hal_pwr.o
HAL_PWR_DisableSleepOnExit                        build/stm32f4xx_hal_pwr.o
HAL_PWR_DisableWakeUpPin                          build/stm32f4xx_hal_pwr.o
HAL_PWR_EnableBkUpAccess                          build/stm32f4xx_hal_pwr.o
HAL_PWR_EnablePVD                                 build/stm32f4xx_hal_pwr.o
HAL_PWR_EnableSEVOnPend                           build/stm32f4xx_hal_pwr.o
HAL_PWR_EnableSleepOnExit                         build/stm32f4xx_hal_pwr.o
HAL_PWR_EnableWakeUpPin                           build/stm32f4xx_hal_pwr.o
HAL_PWR_EnterSLEEPMode                            build/stm32f4xx_hal_pwr.o
HAL_PWR_EnterSTANDBYMode                          build/stm32f4xx_hal_pwr.o
HAL_PWR_EnterSTOPMode                             build/stm32f4xx_hal_pwr.o
HAL_PWR_PVDCallback                               build/stm32f4xx_hal_pwr.o
HAL_PWR_PVD_IRQHandler                            build/stm32f4xx_hal_pwr.o
HAL_QSPI_Abort                                    build/stm32f4xx_hal_qspi.o
HAL_QSPI_AbortCpltCallback                        build/stm32f4xx_hal_qspi.o
HAL_QSPI_Abort_IT                                 build/stm32f4xx_hal_qspi.o
HAL_QSPI_AutoPolling                              build/stm32f4xx_hal_qspi.o
HAL_QSPI_AutoPolling_IT                           build/stm32f4xx_hal_qspi.o
HAL_QSPI_CmdCpltCallback                          build/stm32f4xx_hal_qspi.o
HAL_QSPI_Command                                  build/stm32f4xx_hal_qspi.o
HAL_QSPI_Command_IT                               build/stm32f4xx_hal_qspi.o
HAL_QSPI_DeInit                                   build/stm32f4xx_hal_qspi.o
HAL_QSPI_ErrorCallback                            build/stm32f4xx_hal_qspi.o
HAL_QSPI_FifoThresholdCallback                    build/stm32f4xx_hal_qspi.o
HAL_QSPI_GetError                                 build/stm32f4xx_hal_qspi.o
HAL_QSPI_GetFifoThreshold                         build/stm32f4xx_hal_qspi.o
HAL_QSPI_GetState                                 build/stm32f4xx_hal_qspi.o
HAL_QSPI_IRQHandler                               build/stm32f4xx_hal_qspi.o
                                                  build/stm32f4xx_it.o
HAL_QSPI_Init                                     build/stm32f4xx_hal_qspi.o
                                                  build/main.o
HAL_QSPI_MemoryMapped                             build/stm32f4xx_hal_qspi.o
HAL_QSPI_MspDeInit                                build/stm32f4xx_hal_msp.o
                                                  build/stm32f4xx_hal_qspi.o
HAL_QSPI_MspInit                                  build/stm32f4xx_hal_msp.o
                                                  build/stm32f4xx_hal_qspi.o
HAL_QSPI_Receive                                  build/stm32f4xx_hal_qspi.o
HAL_QSPI_Receive_DMA                              build/stm32f4xx_hal_qspi.o
HAL_QSPI_Receive_IT                               build/stm32f4xx_hal_qspi.o
HAL_QSPI_RxCpltCallback                           build/stm32f4xx_hal_qspi.o
HAL_QSPI_RxHalfCpltCallback                       build/stm32f4xx_hal_qspi.o
HAL_QSPI_SetFifoThreshold                         build/stm32f4xx_hal_qspi.o
HAL_QSPI_SetFlashID                               build/stm32f4xx_hal_qspi.o
HAL_QSPI_SetTimeout                               build/stm32f4xx_hal_qspi.o
HAL_QSPI_StatusMatchCallback                      build/stm32f4xx_hal_qspi.o
HAL_QSPI_TimeOutCallback                          build/stm32f4xx_hal_qspi.o
HAL_QSPI_Transmit                                 build/stm32f4xx_hal_qspi.o
HAL_QSPI_Transmit_DMA                             build/stm32f4xx_hal_qspi.o
HAL_QSPI_Transmit_IT                              build/stm32f4xx_hal_qspi.o
HAL_QSPI_TxCpltCallback                           build/stm32f4xx_hal_qspi.o
HAL_QSPI_TxHalfCpltCallback                       build/stm32f4xx_hal_qspi.o
HAL_RCCEx_DisablePLLI2S                           build/stm32f4xx_hal_rcc_ex.o
HAL_RCCEx_DisablePLLSAI                           build/stm32f4xx_hal_rcc_ex.o
HAL_RCCEx_EnablePLLI2S                            build/stm32f4xx_hal_rcc_ex.o
HAL_RCCEx_EnablePLLSAI                            build/stm32f4xx_hal_rcc_ex.o
HAL_RCCEx_GetPeriphCLKConfig                      build/stm32f4xx_hal_rcc_ex.o
HAL_RCCEx_GetPeriphCLKFreq                        build/stm32f4xx_hal_rcc_ex.o
HAL_RCCEx_PeriphCLKConfig                         build/stm32f4xx_hal_rcc_ex.o
HAL_RCCEx_SelectLSEMode                           build/stm32f4xx_hal_rcc_ex.o
HAL_RCC_CSSCallback                               build/stm32f4xx_hal_rcc.o
HAL_RCC_ClockConfig                               build/stm32f4xx_hal_rcc.o
                                                  build/main.o
HAL_RCC_DeInit                                    build/stm32f4xx_hal_rcc_ex.o
                                                  build/stm32f4xx_hal_rcc.o
HAL_RCC_DisableCSS                                build/stm32f4xx_hal_rcc.o
HAL_RCC_EnableCSS                                 build/stm32f4xx_hal_rcc.o
HAL_RCC_GetClockConfig                            build/stm32f4xx_hal_rcc.o
HAL_RCC_GetHCLKFreq                               build/stm32f4xx_hal_rcc.o
HAL_RCC_GetOscConfig                              build/stm32f4xx_hal_rcc_ex.o
                                                  build/stm32f4xx_hal_rcc.o
HAL_RCC_GetPCLK1Freq                              build/stm32f4xx_hal_rcc.o
                                                  build/stm32f4xx_hal_uart.o
HAL_RCC_GetPCLK2Freq                              build/stm32f4xx_hal_rcc.o
                                                  build/stm32f4xx_hal_uart.o
HAL_RCC_GetSysClockFreq                           build/stm32f4xx_hal_rcc_ex.o
                                                  build/stm32f4xx_hal_rcc.o
HAL_RCC_MCOConfig                                 build/stm32f4xx_hal_rcc.o
HAL_RCC_NMI_IRQHandler                            build/stm32f4xx_hal_rcc.o
HAL_RCC_OscConfig                                 build/stm32f4xx_hal_rcc_ex.o
                                                  build/stm32f4xx_hal_rcc.o
                                                  build/main.o
HAL_ResumeTick                                    build/stm32f4xx_hal.o
HAL_SPI_Abort                                     build/stm32f4xx_hal_spi.o
HAL_SPI_AbortCpltCallback                         build/stm32f4xx_hal_spi.o
HAL_SPI_Abort_IT                                  build/stm32f4xx_hal_spi.o
HAL_SPI_DMAPause                                  build/stm32f4xx_hal_spi.o
HAL_SPI_DMAResume                                 build/stm32f4xx_hal_spi.o
HAL_SPI_DMAStop                                   build/stm32f4xx_hal_spi.o
HAL_SPI_DeInit                                    build/stm32f4xx_hal_spi.o
HAL_SPI_ErrorCallback                             build/stm32f4xx_hal_spi.o
HAL_SPI_GetError                                  build/stm32f4xx_hal_spi.o
HAL_SPI_GetState                                  build/stm32f4xx_hal_spi.o
HAL_SPI_IRQHandler                                build/stm32f4xx_hal_spi.o
                                                  build/stm32f4xx_it.o
HAL_SPI_Init                                      build/stm32f4xx_hal_spi.o
                                                  build/main.o
HAL_SPI_MspDeInit                                 build/stm32f4xx_hal_msp.o
                                                  build/stm32f4xx_hal_spi.o
HAL_SPI_MspInit                                   build/stm32f4xx_hal_msp.o
                                                  build/stm32f4xx_hal_spi.o
HAL_SPI_Receive                                   build/stm32f4xx_hal_spi.o
HAL_SPI_Receive_DMA                               build/stm32f4xx_hal_spi.o
HAL_SPI_Receive_IT                                build/stm32f4xx_hal_spi.o
HAL_SPI_RxCpltCallback                            build/stm32f4xx_hal_spi.o
HAL_SPI_RxHalfCpltCallback                        build/stm32f4xx_hal_spi.o
HAL_SPI_Transmit                                  build/stm32f4xx_hal_spi.o
HAL_SPI_TransmitReceive                           build/stm32f4xx_hal_spi.o
HAL_SPI_TransmitReceive_DMA                       build/stm32f4xx_hal_spi.o
HAL_SPI_TransmitReceive_IT                        build/stm32f4xx_hal_spi.o
HAL_SPI_Transmit_DMA                              build/stm32f4xx_hal_spi.o
HAL_SPI_Transmit_IT                               build/stm32f4xx_hal_spi.o
HAL_SPI_TxCpltCallback                            build/stm32f4xx_hal_spi.o
HAL_SPI_TxHalfCpltCallback                        build/stm32f4xx_hal_spi.o
HAL_SPI_TxRxCpltCallback                          build/stm32f4xx_hal_spi.o
HAL_SPI_TxRxHalfCpltCallback                      build/stm32f4xx_hal_spi.o
HAL_SYSTICK_CLKSourceConfig                       build/stm32f4xx_hal_cortex.o
HAL_SYSTICK_Callback                              build/stm32f4xx_hal_cortex.o
HAL_SYSTICK_Config                                build/stm32f4xx_hal_cortex.o
                                                  build/stm32f4xx_hal.o
HAL_SYSTICK_IRQHandler                            build/stm32f4xx_hal_cortex.o
HAL_SetTickFreq                                   build/stm32f4xx_hal.o
HAL_SuspendTick                                   build/stm32f4xx_hal.o
HAL_UARTEx_ReceiveToIdle                          build/stm32f4xx_hal_uart.o
HAL_UARTEx_ReceiveToIdle_DMA                      build/stm32f4xx_hal_uart.o
HAL_UARTEx_ReceiveToIdle_IT                       build/stm32f4xx_hal_uart.o
HAL_UARTEx_RxEventCallback                        build/stm32f4xx_hal_uart.o
HAL_UART_Abort                                    build/stm32f4xx_hal_uart.o
HAL_UART_AbortCpltCallback                        build/stm32f4xx_hal_uart.o
HAL_UART_AbortReceive                             build/stm32f4xx_hal_uart.o
HAL_UART_AbortReceiveCpltCallback                 build/stm32f4xx_hal_uart.o
HAL_UART_AbortReceive_IT                          build/stm32f4xx_hal_uart.o
HAL_UART_AbortTransmit                            build/stm32f4xx_hal_uart.o
HAL_UART_AbortTransmitCpltCallback                build/stm32f4xx_hal_uart.o
HAL_UART_AbortTransmit_IT                         build/stm32f4xx_hal_uart.o
HAL_UART_Abort_IT                                 build/stm32f4xx_hal_uart.o
HAL_UART_DMAPause                                 build/stm32f4xx_hal_uart.o
HAL_UART_DMAResume                                build/stm32f4xx_hal_uart.o
HAL_UART_DMAStop                                  build/stm32f4xx_hal_uart.o
HAL_UART_DeInit                                   build/stm32f4xx_hal_uart.o
HAL_UART_ErrorCallback                            build/stm32f4xx_hal_uart.o
HAL_UART_GetError                                 build/stm32f4xx_hal_uart.o
HAL_UART_GetState                                 build/stm32f4xx_hal_uart.o
HAL_UART_IRQHandler                               build/stm32f4xx_hal_uart.o
HAL_UART_Init                                     build/stm32f4xx_hal_uart.o
                                                  build/main.o
HAL_UART_MspDeInit                                build/stm32f4xx_hal_msp.o
                                                  build/stm32f4xx_hal_uart.o
HAL_UART_MspInit                                  build/stm32f4xx_hal_msp.o
                                                  build/stm32f4xx_hal_uart.o
HAL_UART_Receive                                  build/stm32f4xx_hal_uart.o
HAL_UART_Receive_DMA                              build/stm32f4xx_hal_uart.o
HAL_UART_Receive_IT                               build/stm32f4xx_hal_uart.o
HAL_UART_RxCpltCallback                           build/stm32f4xx_hal_uart.o
HAL_UART_RxHalfCpltCallback                       build/stm32f4xx_hal_uart.o
HAL_UART_Transmit                                 build/stm32f4xx_hal_uart.o
HAL_UART_Transmit_DMA                             build/stm32f4xx_hal_uart.o
HAL_UART_Transmit_IT                              build/stm32f4xx_hal_uart.o
HAL_UART_TxCpltCallback                           build/stm32f4xx_hal_uart.o
HAL_UART_TxHalfCpltCallback                       build/stm32f4xx_hal_uart.o
HardFault_Handler                                 build/stm32f4xx_it.o
I2C1_ER_IRQHandler                                build/startup_stm32f446xx.o
I2C1_EV_IRQHandler                                build/startup_stm32f446xx.o
I2C2_ER_IRQHandler                                build/startup_stm32f446xx.o
I2C2_EV_IRQHandler                                build/startup_stm32f446xx.o
I2C3_ER_IRQHandler                                build/startup_stm32f446xx.o
I2C3_EV_IRQHandler                                build/startup_stm32f446xx.o
MemManage_Handler                                 build/stm32f4xx_it.o
NMI_Handler                                       build/stm32f4xx_it.o
OTG_FS_IRQHandler                                 build/startup_stm32f446xx.o
OTG_FS_WKUP_IRQHandler                            build/startup_stm32f446xx.o
OTG_HS_EP1_IN_IRQHandler                          build/startup_stm32f446xx.o
OTG_HS_EP1_OUT_IRQHandler                         build/startup_stm32f446xx.o
OTG_HS_IRQHandler                                 build/startup_stm32f446xx.o
OTG_HS_WKUP_IRQHandler                            build/startup_stm32f446xx.o
PVD_IRQHandler                                    build/startup_stm32f446xx.o
PendSV_Handler                                    build/stm32f4xx_it.o
QUADSPI_IRQHandler                                build/stm32f4xx_it.o
RCC_IRQHandler                                    build/stm32f4xx_it.o
RTC_Alarm_IRQHandler                              build/startup_stm32f446xx.o
RTC_WKUP_IRQHandler                               build/startup_stm32f446xx.o
Reset_Handler                                     build/startup_stm32f446xx.o
SAI1_IRQHandler                                   build/startup_stm32f446xx.o
SAI2_IRQHandler                                   build/startup_stm32f446xx.o
SDIO_IRQHandler                                   build/startup_stm32f446xx.o
SPDIF_RX_IRQHandler                               build/startup_stm32f446xx.o
SPI1_IRQHandler                                   build/startup_stm32f446xx.o
SPI2_IRQHandler                                   build/stm32f4xx_it.o
SPI3_IRQHandler                                   build/startup_stm32f446xx.o
SPI4_IRQHandler                                   build/startup_stm32f446xx.o
SVC_Handler                                       build/stm32f4xx_it.o
SysTick_Handler                                   build/stm32f4xx_it.o
SystemClock_Config                                build/main.o
SystemCoreClock                                   build/system_stm32f4xx.o
                                                  build/stm32f4xx_hal_spi.o
                                                  build/stm32f4xx_hal_rcc_ex.o
                                                  build/stm32f4xx_hal_rcc.o
                                                  build/stm32f4xx_hal_qspi.o
                                                  build/stm32f4xx_hal_dma.o
                                                  build/stm32f4xx_hal.o
SystemCoreClockUpdate                             build/system_stm32f4xx.o
SystemInit                                        build/system_stm32f4xx.o
                                                  build/startup_stm32f446xx.o
TAMP_STAMP_IRQHandler                             build/startup_stm32f446xx.o
TIM1_BRK_TIM9_IRQHandler                          build/startup_stm32f446xx.o
TIM1_CC_IRQHandler                                build/startup_stm32f446xx.o
TIM1_TRG_COM_TIM11_IRQHandler                     build/startup_stm32f446xx.o
TIM1_UP_TIM10_IRQHandler                          build/startup_stm32f446xx.o
TIM2_IRQHandler                                   build/startup_stm32f446xx.o
TIM3_IRQHandler                                   build/startup_stm32f446xx.o
TIM4_IRQHandler                                   build/startup_stm32f446xx.o
TIM5_IRQHandler                                   build/startup_stm32f446xx.o
TIM6_DAC_IRQHandler                               build/startup_stm32f446xx.o
TIM7_IRQHandler                                   build/startup_stm32f446xx.o
TIM8_BRK_TIM12_IRQHandler                         build/startup_stm32f446xx.o
TIM8_CC_IRQHandler                                build/startup_stm32f446xx.o
TIM8_TRG_COM_TIM14_IRQHandler                     build/startup_stm32f446xx.o
TIM8_UP_TIM13_IRQHandler                          build/startup_stm32f446xx.o
UART4_IRQHandler                                  build/startup_stm32f446xx.o
UART5_IRQHandler                                  build/startup_stm32f446xx.o
UART_Start_Receive_DMA                            build/stm32f4xx_hal_uart.o
UART_Start_Receive_IT                             build/stm32f4xx_hal_uart.o
USART1_IRQHandler                                 build/startup_stm32f446xx.o
USART2_IRQHandler                                 build/startup_stm32f446xx.o
USART3_IRQHandler                                 build/startup_stm32f446xx.o
USART6_IRQHandler                                 build/startup_stm32f446xx.o
UsageFault_Handler                                build/stm32f4xx_it.o
WWDG_IRQHandler                                   build/startup_stm32f446xx.o
_ITM_deregisterTMCloneTable                       /usr/lib/gcc/arm-none-eabi/9.2.1/thumb/v7e-m+fp/hard/crtbegin.o
_ITM_registerTMCloneTable                         /usr/lib/gcc/arm-none-eabi/9.2.1/thumb/v7e-m+fp/hard/crtbegin.o
__TMC_END__                                       /usr/lib/gcc/arm-none-eabi/9.2.1/thumb/v7e-m+fp/hard/crtend.o
                                                  /usr/lib/gcc/arm-none-eabi/9.2.1/thumb/v7e-m+fp/hard/crtbegin.o
__aeabi_idiv0                                     /usr/lib/gcc/arm-none-eabi/9.2.1/thumb/v7e-m+fp/hard/libgcc.a(_dvmd_tls.o)
__aeabi_ldiv0                                     /usr/lib/gcc/arm-none-eabi/9.2.1/thumb/v7e-m+fp/hard/libgcc.a(_dvmd_tls.o)
                                                  /usr/lib/gcc/arm-none-eabi/9.2.1/thumb/v7e-m+fp/hard/libgcc.a(_aeabi_uldivmod.o)
__aeabi_uldivmod                                  /usr/lib/gcc/arm-none-eabi/9.2.1/thumb/v7e-m+fp/hard/libgcc.a(_aeabi_uldivmod.o)
                                                  build/stm32f4xx_hal_uart.o
                                                  build/stm32f4xx_hal_rcc_ex.o
                                                  build/stm32f4xx_hal_rcc.o
__atexit_dummy                                    /usr/lib/gcc/arm-none-eabi/9.2.1/../../../arm-none-eabi/lib/thumb/v7e-m+fp/hard/libc_nano.a(lib_a-__atexit.o)
__bss_end__                                       /usr/lib/gcc/arm-none-eabi/9.2.1/../../../arm-none-eabi/lib/thumb/v7e-m+fp/hard/crt0.o
__bss_start__                                     /usr/lib/gcc/arm-none-eabi/9.2.1/../../../arm-none-eabi/lib/thumb/v7e-m+fp/hard/crt0.o
__call_exitprocs                                  /usr/lib/gcc/arm-none-eabi/9.2.1/../../../arm-none-eabi/lib/thumb/v7e-m+fp/hard/libc_nano.a(lib_a-__call_atexit.o)
                                                  /usr/lib/gcc/arm-none-eabi/9.2.1/../../../arm-none-eabi/lib/thumb/v7e-m+fp/hard/libc_nano.a(lib_a-__atexit.o)
                                                  /usr/lib/gcc/arm-none-eabi/9.2.1/../../../arm-none-eabi/lib/thumb/v7e-m+fp/hard/libc_nano.a(lib_a-exit.o)
__deregister_frame_info                           /usr/lib/gcc/arm-none-eabi/9.2.1/thumb/v7e-m+fp/hard/crtbegin.o
__dso_handle                                      /usr/lib/gcc/arm-none-eabi/9.2.1/thumb/v7e-m+fp/hard/crtbegin.o
__fini_array_end                                  /usr/lib/gcc/arm-none-eabi/9.2.1/../../../arm-none-eabi/lib/thumb/v7e-m+fp/hard/libc_nano.a(lib_a-fini.o)
__fini_array_start                                /usr/lib/gcc/arm-none-eabi/9.2.1/../../../arm-none-eabi/lib/thumb/v7e-m+fp/hard/libc_nano.a(lib_a-fini.o)
__init_array_end                                  /usr/lib/gcc/arm-none-eabi/9.2.1/../../../arm-none-eabi/lib/thumb/v7e-m+fp/hard/libc_nano.a(lib_a-init.o)